Archive member included to satisfy reference by file (symbol)

c:/st/stm32cubeide_1.9.0/stm32cubeide/plugins/com.st.stm32cube.ide.mcu.externaltools.gnu-tools-for-stm32.10.3-2021.10.win32_1.0.0.202111181127/tools/bin/../lib/gcc/arm-none-eabi/10.3.1/../../../../arm-none-eabi/lib/thumb/v7e-m+fp/hard\libc_nano.a(lib_a-errno.o)
                              ./Core/Src/syscalls.o (__errno)
c:/st/stm32cubeide_1.9.0/stm32cubeide/plugins/com.st.stm32cube.ide.mcu.externaltools.gnu-tools-for-stm32.10.3-2021.10.win32_1.0.0.202111181127/tools/bin/../lib/gcc/arm-none-eabi/10.3.1/../../../../arm-none-eabi/lib/thumb/v7e-m+fp/hard\libc_nano.a(lib_a-exit.o)
                              c:/st/stm32cubeide_1.9.0/stm32cubeide/plugins/com.st.stm32cube.ide.mcu.externaltools.gnu-tools-for-stm32.10.3-2021.10.win32_1.0.0.202111181127/tools/bin/../lib/gcc/arm-none-eabi/10.3.1/../../../../arm-none-eabi/lib/thumb/v7e-m+fp/hard/crt0.o (exit)
c:/st/stm32cubeide_1.9.0/stm32cubeide/plugins/com.st.stm32cube.ide.mcu.externaltools.gnu-tools-for-stm32.10.3-2021.10.win32_1.0.0.202111181127/tools/bin/../lib/gcc/arm-none-eabi/10.3.1/../../../../arm-none-eabi/lib/thumb/v7e-m+fp/hard\libc_nano.a(lib_a-findfp.o)
                              ./Middlewares/Third_Party/FreeRTOS/Source/tasks.o (__sf_fake_stderr)
c:/st/stm32cubeide_1.9.0/stm32cubeide/plugins/com.st.stm32cube.ide.mcu.externaltools.gnu-tools-for-stm32.10.3-2021.10.win32_1.0.0.202111181127/tools/bin/../lib/gcc/arm-none-eabi/10.3.1/../../../../arm-none-eabi/lib/thumb/v7e-m+fp/hard\libc_nano.a(lib_a-fwalk.o)
                              c:/st/stm32cubeide_1.9.0/stm32cubeide/plugins/com.st.stm32cube.ide.mcu.externaltools.gnu-tools-for-stm32.10.3-2021.10.win32_1.0.0.202111181127/tools/bin/../lib/gcc/arm-none-eabi/10.3.1/../../../../arm-none-eabi/lib/thumb/v7e-m+fp/hard\libc_nano.a(lib_a-findfp.o) (_fwalk)
c:/st/stm32cubeide_1.9.0/stm32cubeide/plugins/com.st.stm32cube.ide.mcu.externaltools.gnu-tools-for-stm32.10.3-2021.10.win32_1.0.0.202111181127/tools/bin/../lib/gcc/arm-none-eabi/10.3.1/../../../../arm-none-eabi/lib/thumb/v7e-m+fp/hard\libc_nano.a(lib_a-impure.o)
                              c:/st/stm32cubeide_1.9.0/stm32cubeide/plugins/com.st.stm32cube.ide.mcu.externaltools.gnu-tools-for-stm32.10.3-2021.10.win32_1.0.0.202111181127/tools/bin/../lib/gcc/arm-none-eabi/10.3.1/../../../../arm-none-eabi/lib/thumb/v7e-m+fp/hard\libc_nano.a(lib_a-exit.o) (_global_impure_ptr)
c:/st/stm32cubeide_1.9.0/stm32cubeide/plugins/com.st.stm32cube.ide.mcu.externaltools.gnu-tools-for-stm32.10.3-2021.10.win32_1.0.0.202111181127/tools/bin/../lib/gcc/arm-none-eabi/10.3.1/../../../../arm-none-eabi/lib/thumb/v7e-m+fp/hard\libc_nano.a(lib_a-init.o)
                              c:/st/stm32cubeide_1.9.0/stm32cubeide/plugins/com.st.stm32cube.ide.mcu.externaltools.gnu-tools-for-stm32.10.3-2021.10.win32_1.0.0.202111181127/tools/bin/../lib/gcc/arm-none-eabi/10.3.1/../../../../arm-none-eabi/lib/thumb/v7e-m+fp/hard/crt0.o (__libc_init_array)
c:/st/stm32cubeide_1.9.0/stm32cubeide/plugins/com.st.stm32cube.ide.mcu.externaltools.gnu-tools-for-stm32.10.3-2021.10.win32_1.0.0.202111181127/tools/bin/../lib/gcc/arm-none-eabi/10.3.1/../../../../arm-none-eabi/lib/thumb/v7e-m+fp/hard\libc_nano.a(lib_a-lock.o)
                              c:/st/stm32cubeide_1.9.0/stm32cubeide/plugins/com.st.stm32cube.ide.mcu.externaltools.gnu-tools-for-stm32.10.3-2021.10.win32_1.0.0.202111181127/tools/bin/../lib/gcc/arm-none-eabi/10.3.1/../../../../arm-none-eabi/lib/thumb/v7e-m+fp/hard\libc_nano.a(lib_a-findfp.o) (__retarget_lock_init_recursive)
c:/st/stm32cubeide_1.9.0/stm32cubeide/plugins/com.st.stm32cube.ide.mcu.externaltools.gnu-tools-for-stm32.10.3-2021.10.win32_1.0.0.202111181127/tools/bin/../lib/gcc/arm-none-eabi/10.3.1/../../../../arm-none-eabi/lib/thumb/v7e-m+fp/hard\libc_nano.a(lib_a-memcpy-stub.o)
                              ./Middlewares/Third_Party/FreeRTOS/Source/CMSIS_RTOS_V2/cmsis_os2.o (memcpy)
c:/st/stm32cubeide_1.9.0/stm32cubeide/plugins/com.st.stm32cube.ide.mcu.externaltools.gnu-tools-for-stm32.10.3-2021.10.win32_1.0.0.202111181127/tools/bin/../lib/gcc/arm-none-eabi/10.3.1/../../../../arm-none-eabi/lib/thumb/v7e-m+fp/hard\libc_nano.a(lib_a-memset.o)
                              c:/st/stm32cubeide_1.9.0/stm32cubeide/plugins/com.st.stm32cube.ide.mcu.externaltools.gnu-tools-for-stm32.10.3-2021.10.win32_1.0.0.202111181127/tools/bin/../lib/gcc/arm-none-eabi/10.3.1/../../../../arm-none-eabi/lib/thumb/v7e-m+fp/hard/crt0.o (memset)
c:/st/stm32cubeide_1.9.0/stm32cubeide/plugins/com.st.stm32cube.ide.mcu.externaltools.gnu-tools-for-stm32.10.3-2021.10.win32_1.0.0.202111181127/tools/bin/../lib/gcc/arm-none-eabi/10.3.1/../../../../arm-none-eabi/lib/thumb/v7e-m+fp/hard\libc_nano.a(lib_a-nano-mallocr.o)
[...]
Memory Configuration

Name             Origin             Length             Attributes
RAM              0x0000000020000000 0x0000000000018000 xrw
FLASH            0x0000000008000000 0x0000000000080000 xr
*default*        0x0000000000000000 0xffffffffffffffff

Linker script and memory map

LOAD c:/st/stm32cubeide_1.9.0/stm32cubeide/plugins/com.st.stm32cube.ide.mcu.externaltools.gnu-tools-for-stm32.10.3-2021.10.win32_1.0.0.202111181127/tools/bin/../lib/gcc/arm-none-eabi/10.3.1/thumb/v7e-m+fp/hard/crti.o
LOAD c:/st/stm32cubeide_1.9.0/stm32cubeide/plugins/com.st.stm32cube.ide.mcu.externaltools.gnu-tools-for-stm32.10.3-2021.10.win32_1.0.0.202111181127/tools/bin/../lib/gcc/arm-none-eabi/10.3.1/thumb/v7e-m+fp/hard/crtbegin.o
LOAD c:/st/stm32cubeide_1.9.0/stm32cubeide/plugins/com.st.stm32cube.ide.mcu.externaltools.gnu-tools-for-stm32.10.3-2021.10.win32_1.0.0.202111181127/tools/bin/../lib/gcc/arm-none-eabi/10.3.1/../../../../arm-none-eabi/lib/thumb/v7e-m+fp/hard/crt0.o
LOAD ./Core/Src/File_Handling_RTOS.o
LOAD ./Core/Src/ds3231.o
LOAD ./Core/Src/fatfs_sd.o
LOAD ./Core/Src/freertos.o
LOAD ./Core/Src/gpio.o
LOAD ./Core/Src/i2c.o
LOAD ./Core/Src/main.o
LOAD ./Core/Src/mpu6050.o
LOAD ./Core/Src/printf.o
LOAD ./Core/Src/spi.o
LOAD ./Core/Src/stm32f4xx_hal_msp.o
LOAD ./Core/Src/stm32f4xx_hal_timebase_tim.o
LOAD ./Core/Src/stm32f4xx_it.o
LOAD ./Core/Src/syscalls.o
LOAD ./Core/Src/sysmem.o
LOAD ./Core/Src/system_stm32f4xx.o
LOAD ./Core/Src/usart.o
LOAD ./Core/Startup/startup_stm32f401retx.o
LOAD ./Drivers/STM32F4xx_HAL_Driver/Src/stm32f4xx_hal.o
LOAD ./Drivers/STM32F4xx_HAL_Driver/Src/stm32f4xx_hal_cortex.o
LOAD ./Drivers/STM32F4xx_HAL_Driver/Src/stm32f4xx_hal_dma.o
LOAD ./Drivers/STM32F4xx_HAL_Driver/Src/stm32f4xx_hal_dma_ex.o
LOAD ./Drivers/STM32F4xx_HAL_Driver/Src/stm32f4xx_hal_exti.o
LOAD ./Drivers/STM32F4xx_HAL_Driver/Src/stm32f4xx_hal_flash.o
LOAD ./Drivers/STM32F4xx_HAL_Driver/Src/stm32f4xx_hal_flash_ex.o
LOAD ./Drivers/STM32F4xx_HAL_Driver/Src/stm32f4xx_hal_flash_ramfunc.o
LOAD ./Drivers/STM32F4xx_HAL_Driver/Src/stm32f4xx_hal_gpio.o
LOAD ./Drivers/STM32F4xx_HAL_Driver/Src/stm32f4xx_hal_i2c.o
LOAD ./Drivers/STM32F4xx_HAL_Driver/Src/stm32f4xx_hal_i2c_ex.o
LOAD ./Drivers/STM32F4xx_HAL_Driver/Src/stm32f4xx_hal_pwr.o
LOAD ./Drivers/STM32F4xx_HAL_Driver/Src/stm32f4xx_hal_pwr_ex.o
LOAD ./Drivers/STM32F4xx_HAL_Driver/Src/stm32f4xx_hal_rcc.o
LOAD ./Drivers/STM32F4xx_HAL_Driver/Src/stm32f4xx_hal_rcc_ex.o
LOAD ./Drivers/STM32F4xx_HAL_Driver/Src/stm32f4xx_hal_spi.o
LOAD ./Drivers/STM32F4xx_HAL_Driver/Src/stm32f4xx_hal_tim.o
LOAD ./Drivers/STM32F4xx_HAL_Driver/Src/stm32f4xx_hal_tim_ex.o
LOAD ./Drivers/STM32F4xx_HAL_Driver/Src/stm32f4xx_hal_uart.o
LOAD ./FATFS/App/fatfs.o
LOAD ./FATFS/Target/user_diskio.o
LOAD ./Middlewares/Third_Party/FatFs/src/diskio.o
LOAD ./Middlewares/Third_Party/FatFs/src/ff.o
LOAD ./Middlewares/Third_Party/FatFs/src/ff_gen_drv.o
LOAD ./Middlewares/Third_Party/FatFs/src/option/syscall.o
LOAD ./Middlewares/Third_Party/FreeRTOS/Source/CMSIS_RTOS_V2/cmsis_os2.o
LOAD ./Middlewares/Third_Party/FreeRTOS/Source/croutine.o
LOAD ./Middlewares/Third_Party/FreeRTOS/Source/event_groups.o
LOAD ./Middlewares/Third_Party/FreeRTOS/Source/list.o
LOAD ./Middlewares/Third_Party/FreeRTOS/Source/queue.o
LOAD ./Middlewares/Third_Party/FreeRTOS/Source/stream_buffer.o
LOAD ./Middlewares/Third_Party/FreeRTOS/Source/tasks.o
LOAD ./Middlewares/Third_Party/FreeRTOS/Source/timers.o
LOAD ./Middlewares/Third_Party/FreeRTOS/Source/portable/GCC/ARM_CM4F/port.o
LOAD ./Middlewares/Third_Party/FreeRTOS/Source/portable/MemMang/heap_4.o
START GROUP
LOAD c:/st/stm32cubeide_1.9.0/stm32cubeide/plugins/com.st.stm32cube.ide.mcu.externaltools.gnu-tools-for-stm32.10.3-2021.10.win32_1.0.0.202111181127/tools/bin/../lib/gcc/arm-none-eabi/10.3.1/../../../../arm-none-eabi/lib/thumb/v7e-m+fp/hard\libc_nano.a
LOAD c:/st/stm32cubeide_1.9.0/stm32cubeide/plugins/com.st.stm32cube.ide.mcu.externaltools.gnu-tools-for-stm32.10.3-2021.10.win32_1.0.0.202111181127/tools/bin/../lib/gcc/arm-none-eabi/10.3.1/../../../../arm-none-eabi/lib/thumb/v7e-m+fp/hard\libm.a
END GROUP
START GROUP
LOAD c:/st/stm32cubeide_1.9.0/stm32cubeide/plugins/com.st.stm32cube.ide.mcu.externaltools.gnu-tools-for-stm32.10.3-2021.10.win32_1.0.0.202111181127/tools/bin/../lib/gcc/arm-none-eabi/10.3.1/thumb/v7e-m+fp/hard\libgcc.a
LOAD c:/st/stm32cubeide_1.9.0/stm32cubeide/plugins/com.st.stm32cube.ide.mcu.externaltools.gnu-tools-for-stm32.10.3-2021.10.win32_1.0.0.202111181127/tools/bin/../lib/gcc/arm-none-eabi/10.3.1/../../../../arm-none-eabi/lib/thumb/v7e-m+fp/hard\libc_nano.a
END GROUP
START GROUP
LOAD c:/st/stm32cubeide_1.9.0/stm32cubeide/plugins/com.st.stm32cube.ide.mcu.externaltools.gnu-tools-for-stm32.10.3-2021.10.win32_1.0.0.202111181127/tools/bin/../lib/gcc/arm-none-eabi/10.3.1/thumb/v7e-m+fp/hard\libgcc.a
LOAD c:/st/stm32cubeide_1.9.0/stm32cubeide/plugins/com.st.stm32cube.ide.mcu.externaltools.gnu-tools-for-stm32.10.3-2021.10.win32_1.0.0.202111181127/tools/bin/../lib/gcc/arm-none-eabi/10.3.1/../../../../arm-none-eabi/lib/thumb/v7e-m+fp/hard\libc_nano.a
LOAD c:/st/stm32cubeide_1.9.0/stm32cubeide/plugins/com.st.stm32cube.ide.mcu.externaltools.gnu-tools-for-stm32.10.3-2021.10.win32_1.0.0.202111181127/tools/bin/../lib/gcc/arm-none-eabi/10.3.1/../../../../arm-none-eabi/lib/thumb/v7e-m+fp/hard\libnosys.a
END GROUP
START GROUP
LOAD c:/st/stm32cubeide_1.9.0/stm32cubeide/plugins/com.st.stm32cube.ide.mcu.externaltools.gnu-tools-for-stm32.10.3-2021.10.win32_1.0.0.202111181127/tools/bin/../lib/gcc/arm-none-eabi/10.3.1/thumb/v7e-m+fp/hard\libgcc.a
LOAD c:/st/stm32cubeide_1.9.0/stm32cubeide/plugins/com.st.stm32cube.ide.mcu.externaltools.gnu-tools-for-stm32.10.3-2021.10.win32_1.0.0.202111181127/tools/bin/../lib/gcc/arm-none-eabi/10.3.1/../../../../arm-none-eabi/lib/thumb/v7e-m+fp/hard\libc_nano.a
LOAD c:/st/stm32cubeide_1.9.0/stm32cubeide/plugins/com.st.stm32cube.ide.mcu.externaltools.gnu-tools-for-stm32.10.3-2021.10.win32_1.0.0.202111181127/tools/bin/../lib/gcc/arm-none-eabi/10.3.1/../../../../arm-none-eabi/lib/thumb/v7e-m+fp/hard\libnosys.a
END GROUP
LOAD c:/st/stm32cubeide_1.9.0/stm32cubeide/plugins/com.st.stm32cube.ide.mcu.externaltools.gnu-tools-for-stm32.10.3-2021.10.win32_1.0.0.202111181127/tools/bin/../lib/gcc/arm-none-eabi/10.3.1/thumb/v7e-m+fp/hard/crtend.o
LOAD c:/st/stm32cubeide_1.9.0/stm32cubeide/plugins/com.st.stm32cube.ide.mcu.externaltools.gnu-tools-for-stm32.10.3-2021.10.win32_1.0.0.202111181127/tools/bin/../lib/gcc/arm-none-eabi/10.3.1/thumb/v7e-m+fp/hard/crtn.o
                0x0000000020018000                _estack = (ORIGIN (RAM) + LENGTH (RAM))
                0x0000000000000200                _Min_Heap_Size = 0x200
                0x0000000000000400                _Min_Stack_Size = 0x400

.isr_vector     0x0000000008000000      0x194
                0x0000000008000000                . = ALIGN (0x4)
 *(.isr_vector)
 .isr_vector    0x0000000008000000      0x194 ./Core/Startup/startup_stm32f401retx.o
                0x0000000008000000                g_pfnVectors
                0x0000000008000194                . = ALIGN (0x4)

.text           0x00000000080001a0    0x11994
                0x00000000080001a0                . = ALIGN (0x4)
 *(.text)
 .text          0x00000000080001a0       0x40 c:/st/stm32cubeide_1.9.0/stm32cubeide/plugins/com.st.stm32cube.ide.mcu.externaltools.gnu-tools-for-stm32.10.3-2021.10.win32_1.0.0.202111181127/tools/bin/../lib/gcc/arm-none-eabi/10.3.1/thumb/v7e-m+fp/hard/crtbegin.o
 .text          0x00000000080001e0       0x10 c:/st/stm32cubeide_1.9.0/stm32cubeide/plugins/com.st.stm32cube.ide.mcu.externaltools.gnu-tools-for-stm32.10.3-2021.10.win32_1.0.0.202111181127/tools/bin/../lib/gcc/arm-none-eabi/10.3.1/../../../../arm-none-eabi/lib/thumb/v7e-m+fp/hard\libc_nano.a(lib_a-strlen.o)
                0x00000000080001e0                strlen
 .text          0x00000000080001f0       0xa0 c:/st/stm32cubeide_1.9.0/stm32cubeide/plugins/com.st.stm32cube.ide.mcu.externaltools.gnu-tools-for-stm32.10.3-2021.10.win32_1.0.0.202111181127/tools/bin/../lib/gcc/arm-none-eabi/10.3.1/../../../../arm-none-eabi/lib/thumb/v7e-m+fp/hard\libc_nano.a(lib_a-memchr.o)
                0x00000000080001f0                memchr
 .text          0x0000000008000290      0x378 c:/st/stm32cubeide_1.9.0/stm32cubeide/plugins/com.st.stm32cube.ide.mcu.externaltools.gnu-tools-for-stm32.10.3-2021.10.win32_1.0.0.202111181127/tools/bin/../lib/gcc/arm-none-eabi/10.3.1/thumb/v7e-m+fp/hard\libgcc.a(_arm_addsubdf3.o)
                0x0000000008000290                __aeabi_drsub
                0x0000000008000298                __aeabi_dsub
                0x0000000008000298                __subdf3
                0x000000000800029c                __aeabi_dadd
                0x000000000800029c                __adddf3
                0x0000000008000514                __floatunsidf
                0x0000000008000514                __aeabi_ui2d
                0x0000000008000534                __floatsidf
                0x0000000008000534                __aeabi_i2d
                0x0000000008000558                __aeabi_f2d
                0x0000000008000558                __extendsfdf2
                0x000000000800059c                __floatundidf
                0x000000000800059c                __aeabi_ul2d
                0x00000000080005ac                __floatdidf
                0x00000000080005ac                __aeabi_l2d
 .text          0x0000000008000608      0x424 c:/st/stm32cubeide_1.9.0/stm32cubeide/plugins/com.st.stm32cube.ide.mcu.externaltools.gnu-tools-for-stm32.10.3-2021.10.win32_1.0.0.202111181127/tools/bin/../lib/gcc/arm-none-eabi/10.3.1/thumb/v7e-m+fp/hard\libgcc.a(_arm_muldivdf3.o)
                0x0000000008000608                __aeabi_dmul
                0x0000000008000608                __muldf3
                0x000000000800085c                __divdf3
                0x000000000800085c                __aeabi_ddiv
 .text          0x0000000008000a2c      0x110 c:/st/stm32cubeide_1.9.0/stm32cubeide/plugins/com.st.stm32cube.ide.mcu.externaltools.gnu-tools-for-stm32.10.3-2021.10.win32_1.0.0.202111181127/tools/bin/../lib/gcc/arm-none-eabi/10.3.1/thumb/v7e-m+fp/hard\libgcc.a(_arm_cmpdf2.o)
                0x0000000008000a2c                __gtdf2
                0x0000000008000a2c                __gedf2
                0x0000000008000a34                __ltdf2
                0x0000000008000a34                __ledf2
                0x0000000008000a3c                __nedf2
                0x0000000008000a3c                __eqdf2
                0x0000000008000a3c                __cmpdf2
                0x0000000008000ab8                __aeabi_cdrcmple
                0x0000000008000ac8                __aeabi_cdcmpeq
                0x0000000008000ac8                __aeabi_cdcmple
                0x0000000008000ad8                __aeabi_dcmpeq
                0x0000000008000aec                __aeabi_dcmplt
                0x0000000008000b00                __aeabi_dcmple
                0x0000000008000b14                __aeabi_dcmpge
                0x0000000008000b28                __aeabi_dcmpgt
 .text          0x0000000008000b3c       0x2c c:/st/stm32cubeide_1.9.0/stm32cubeide/plugins/com.st.stm32cube.ide.mcu.externaltools.gnu-tools-for-stm32.10.3-2021.10.win32_1.0.0.202111181127/tools/bin/../lib/gcc/arm-none-eabi/10.3.1/thumb/v7e-m+fp/hard\libgcc.a(_arm_unorddf2.o)
                0x0000000008000b3c                __unorddf2
                0x0000000008000b3c                __aeabi_dcmpun
 .text          0x0000000008000b68       0x50 c:/st/stm32cubeide_1.9.0/stm32cubeide/plugins/com.st.stm32cube.ide.mcu.externaltools.gnu-tools-for-stm32.10.3-2021.10.win32_1.0.0.202111181127/tools/bin/../lib/gcc/arm-none-eabi/10.3.1/thumb/v7e-m+fp/hard\libgcc.a(_arm_fixdfsi.o)
                0x0000000008000b68                __aeabi_d2iz
                0x0000000008000b68                __fixdfsi
 .text          0x0000000008000bb8       0x40 c:/st/stm32cubeide_1.9.0/stm32cubeide/plugins/com.st.stm32cube.ide.mcu.externaltools.gnu-tools-for-stm32.10.3-2021.10.win32_1.0.0.202111181127/tools/bin/../lib/gcc/arm-none-eabi/10.3.1/thumb/v7e-m+fp/hard\libgcc.a(_arm_fixunsdfsi.o)
                0x0000000008000bb8                __aeabi_d2uiz
                0x0000000008000bb8                __fixunsdfsi
 .text          0x0000000008000bf8       0x30 c:/st/stm32cubeide_1.9.0/stm32cubeide/plugins/com.st.stm32cube.ide.mcu.externaltools.gnu-tools-for-stm32.10.3-2021.10.win32_1.0.0.202111181127/tools/bin/../lib/gcc/arm-none-eabi/10.3.1/thumb/v7e-m+fp/hard\libgcc.a(_aeabi_uldivmod.o)
                0x0000000008000bf8                __aeabi_uldivmod
 .text          0x0000000008000c28      0x2d0 c:/st/stm32cubeide_1.9.0/stm32cubeide/plugins/com.st.stm32cube.ide.mcu.externaltools.gnu-tools-for-stm32.10.3-2021.10.win32_1.0.0.202111181127/tools/bin/../lib/gcc/arm-none-eabi/10.3.1/thumb/v7e-m+fp/hard\libgcc.a(_udivmoddi4.o)
                0x0000000008000c28                __udivmoddi4
 .text          0x0000000008000ef8        0x4 c:/st/stm32cubeide_1.9.0/stm32cubeide/plugins/com.st.stm32cube.ide.mcu.externaltools.gnu-tools-for-stm32.10.3-2021.10.win32_1.0.0.202111181127/tools/bin/../lib/gcc/arm-none-eabi/10.3.1/thumb/v7e-m+fp/hard\libgcc.a(_dvmd_tls.o)
                0x0000000008000ef8                __aeabi_idiv0
                0x0000000008000ef8                __aeabi_ldiv0
 *(.text*)
 .text.Send_Uart
                0x0000000008000efc       0x14 ./Core/Src/File_Handling_RTOS.o
                0x0000000008000efc                Send_Uart
 .text.Mount_SD
                0x0000000008000f10       0x4c ./Core/Src/File_Handling_RTOS.o
                0x0000000008000f10                Mount_SD
 .text.Create_File
                0x0000000008000f5c      0x12c ./Core/Src/File_Handling_RTOS.o
                0x0000000008000f5c                Create_File
 .text.bcd2Dec  0x0000000008001088       0x34 ./Core/Src/ds3231.o
                0x0000000008001088                bcd2Dec
 .text.rtc_init
                0x00000000080010bc       0x3c ./Core/Src/ds3231.o
                0x00000000080010bc                rtc_init
 .text.rtc_get_date_time
                0x00000000080010f8       0xc4 ./Core/Src/ds3231.o
                0x00000000080010f8                rtc_get_date_time
 .text.SELECT   0x00000000080011bc       0x18 ./Core/Src/fatfs_sd.o
 .text.DESELECT
                0x00000000080011d4       0x18 ./Core/Src/fatfs_sd.o
 .text.SPI_TxByte
                0x00000000080011ec       0x34 ./Core/Src/fatfs_sd.o
 .text.SPI_RxByte
                0x0000000008001220       0x3c ./Core/Src/fatfs_sd.o
 .text.SPI_RxBytePtr
                0x000000000800125c       0x1c ./Core/Src/fatfs_sd.o
 .text.SD_ReadyWait
                0x0000000008001278       0x38 ./Core/Src/fatfs_sd.o
 .text.SD_PowerOn
                0x00000000080012b0       0x98 ./Core/Src/fatfs_sd.o
 .text.SD_PowerOff
                0x0000000008001348       0x18 ./Core/Src/fatfs_sd.o
 .text.SD_CheckPower
                0x0000000008001360       0x18 ./Core/Src/fatfs_sd.o
 .text.SD_RxDataBlock
                0x0000000008001378       0x6c ./Core/Src/fatfs_sd.o
 .text.SD_TxDataBlock
                0x00000000080013e4       0xa8 ./Core/Src/fatfs_sd.o
 .text.SD_SendCmd
                0x000000000800148c       0xa4 ./Core/Src/fatfs_sd.o
 .text.SD_disk_initialize
                0x0000000008001530      0x1d4 ./Core/Src/fatfs_sd.o
                0x0000000008001530                SD_disk_initialize
 .text.SD_disk_status
                0x0000000008001704       0x2c ./Core/Src/fatfs_sd.o
                0x0000000008001704                SD_disk_status
 .text.SD_disk_read
                0x0000000008001730       0xd4 ./Core/Src/fatfs_sd.o
                0x0000000008001730                SD_disk_read
 .text.SD_disk_write
                0x0000000008001804      0x108 ./Core/Src/fatfs_sd.o
                0x0000000008001804                SD_disk_write
 .text.SD_disk_ioctl
                0x000000000800190c      0x264 ./Core/Src/fatfs_sd.o
                0x000000000800190c                SD_disk_ioctl
 .text.logMovement
                0x0000000008001b70      0x1a0 ./Core/Src/freertos.o
                0x0000000008001b70                logMovement
 .text.logGestures
                0x0000000008001d10      0x280 ./Core/Src/freertos.o
                0x0000000008001d10                logGestures
 .text.MX_FREERTOS_Init
                0x0000000008001f90       0xec ./Core/Src/freertos.o
                0x0000000008001f90                MX_FREERTOS_Init
 .text.StartReadTask
                0x000000000800207c       0x3c ./Core/Src/freertos.o
                0x000000000800207c                StartReadTask
 .text.StartCommandTask
                0x00000000080020b8      0x428 ./Core/Src/freertos.o
                0x00000000080020b8                StartCommandTask
 .text.StartSDTask
                0x00000000080024e0       0x8c ./Core/Src/freertos.o
                0x00000000080024e0                StartSDTask
 .text.clickCallback
                0x000000000800256c       0x7c ./Core/Src/freertos.o
                0x000000000800256c                clickCallback
 .text.zoomCallback
                0x00000000080025e8       0x7c ./Core/Src/freertos.o
                0x00000000080025e8                zoomCallback
 .text.moveTimerCallback
                0x0000000008002664       0x20 ./Core/Src/freertos.o
                0x0000000008002664                moveTimerCallback
 .text.altTabCallback
                0x0000000008002684       0x20 ./Core/Src/freertos.o
                0x0000000008002684                altTabCallback
 .text.MX_GPIO_Init
                0x00000000080026a4       0xcc ./Core/Src/gpio.o
                0x00000000080026a4                MX_GPIO_Init
 .text.MX_I2C1_Init
                0x0000000008002770       0x5c ./Core/Src/i2c.o
                0x0000000008002770                MX_I2C1_Init
 .text.MX_I2C2_Init
                0x00000000080027cc       0x5c ./Core/Src/i2c.o
                0x00000000080027cc                MX_I2C2_Init
 .text.HAL_I2C_MspInit
                0x0000000008002828      0x11c ./Core/Src/i2c.o
                0x0000000008002828                HAL_I2C_MspInit
 .text.main     0x0000000008002944      0x130 ./Core/Src/main.o
                0x0000000008002944                main
 .text.SystemClock_Config
                0x0000000008002a74       0xc0 ./Core/Src/main.o
                0x0000000008002a74                SystemClock_Config
 .text.HAL_TIM_PeriodElapsedCallback
                0x0000000008002b34       0x24 ./Core/Src/main.o
                0x0000000008002b34                HAL_TIM_PeriodElapsedCallback
 .text.Error_Handler
                0x0000000008002b58        0xa ./Core/Src/main.o
                0x0000000008002b58                Error_Handler
 .text.MPU6050_Init
                0x0000000008002b62       0xea ./Core/Src/mpu6050.o
                0x0000000008002b62                MPU6050_Init
 .text.MPU6050_SetDataRate
                0x0000000008002c4c       0x48 ./Core/Src/mpu6050.o
                0x0000000008002c4c                MPU6050_SetDataRate
 .text.MPU6050_SetAccelerometer
                0x0000000008002c94       0xe0 ./Core/Src/mpu6050.o
                0x0000000008002c94                MPU6050_SetAccelerometer
 .text.MPU6050_SetGyroscope
                0x0000000008002d74       0xe8 ./Core/Src/mpu6050.o
                0x0000000008002d74                MPU6050_SetGyroscope
 .text.MPU6050_ReadAccelerometer
                0x0000000008002e5c       0xee ./Core/Src/mpu6050.o
                0x0000000008002e5c                MPU6050_ReadAccelerometer
 .text.MPU6050_ReadGyroscope
                0x0000000008002f4a       0xee ./Core/Src/mpu6050.o
                0x0000000008002f4a                MPU6050_ReadGyroscope
 .text._out_buffer
                0x0000000008003038       0x2e ./Core/Src/printf.o
 .text._out_null
                0x0000000008003066       0x1c ./Core/Src/printf.o
 .text._strnlen_s
                0x0000000008003082       0x3a ./Core/Src/printf.o
 .text._is_digit
                0x00000000080030bc       0x2e ./Core/Src/printf.o
 .text._atoi    0x00000000080030ea       0x48 ./Core/Src/printf.o
 .text._out_rev
                0x0000000008003132       0xa0 ./Core/Src/printf.o
 .text._ntoa_format
                0x00000000080031d2      0x1b8 ./Core/Src/printf.o
 .text._ntoa_long
                0x000000000800338a       0xcc ./Core/Src/printf.o
 .text._ntoa_long_long
                0x0000000008003456       0xda ./Core/Src/printf.o
 .text._ftoa    0x0000000008003530      0x4ac ./Core/Src/printf.o
 *fill*         0x00000000080039dc        0x4 
 .text._etoa    0x00000000080039e0      0x510 ./Core/Src/printf.o
 .text._vsnprintf
                0x0000000008003ef0      0x9c8 ./Core/Src/printf.o
 .text.sprintf_
                0x00000000080048b8       0x38 ./Core/Src/printf.o
                0x00000000080048b8                sprintf_
 .text.MX_SPI3_Init
                0x00000000080048f0       0x6c ./Core/Src/spi.o
                0x00000000080048f0                MX_SPI3_Init
 .text.HAL_SPI_MspInit
                0x000000000800495c       0x90 ./Core/Src/spi.o
                0x000000000800495c                HAL_SPI_MspInit
 .text.HAL_MspInit
                0x00000000080049ec       0x58 ./Core/Src/stm32f4xx_hal_msp.o
                0x00000000080049ec                HAL_MspInit
 .text.HAL_InitTick
                0x0000000008004a44       0xb0 ./Core/Src/stm32f4xx_hal_timebase_tim.o
                0x0000000008004a44                HAL_InitTick
 .text.SDTimer_Handler
                0x0000000008004af4       0x48 ./Core/Src/stm32f4xx_it.o
                0x0000000008004af4                SDTimer_Handler
 .text.NMI_Handler
                0x0000000008004b3c        0x6 ./Core/Src/stm32f4xx_it.o
                0x0000000008004b3c                NMI_Handler
 .text.HardFault_Handler
                0x0000000008004b42        0x6 ./Core/Src/stm32f4xx_it.o
                0x0000000008004b42                HardFault_Handler
 .text.MemManage_Handler
                0x0000000008004b48        0x6 ./Core/Src/stm32f4xx_it.o
                0x0000000008004b48                MemManage_Handler
 .text.BusFault_Handler
                0x0000000008004b4e        0x6 ./Core/Src/stm32f4xx_it.o
                0x0000000008004b4e                BusFault_Handler
 .text.UsageFault_Handler
                0x0000000008004b54        0x6 ./Core/Src/stm32f4xx_it.o
                0x0000000008004b54                UsageFault_Handler
 .text.DebugMon_Handler
                0x0000000008004b5a        0xe ./Core/Src/stm32f4xx_it.o
                0x0000000008004b5a                DebugMon_Handler
 .text.TIM1_BRK_TIM9_IRQHandler
                0x0000000008004b68       0x38 ./Core/Src/stm32f4xx_it.o
                0x0000000008004b68                TIM1_BRK_TIM9_IRQHandler
 .text._getpid  0x0000000008004ba0       0x10 ./Core/Src/syscalls.o
                0x0000000008004ba0                _getpid
 .text._kill    0x0000000008004bb0       0x20 ./Core/Src/syscalls.o
                0x0000000008004bb0                _kill
 .text._exit    0x0000000008004bd0       0x14 ./Core/Src/syscalls.o
                0x0000000008004bd0                _exit
 .text._read    0x0000000008004be4       0x3a ./Core/Src/syscalls.o
                0x0000000008004be4                _read
 .text._write   0x0000000008004c1e       0x38 ./Core/Src/syscalls.o
                0x0000000008004c1e                _write
 .text._close   0x0000000008004c56       0x18 ./Core/Src/syscalls.o
                0x0000000008004c56                _close
 .text._fstat   0x0000000008004c6e       0x20 ./Core/Src/syscalls.o
                0x0000000008004c6e                _fstat
 .text._isatty  0x0000000008004c8e       0x16 ./Core/Src/syscalls.o
                0x0000000008004c8e                _isatty
 .text._lseek   0x0000000008004ca4       0x1a ./Core/Src/syscalls.o
                0x0000000008004ca4                _lseek
 *fill*         0x0000000008004cbe        0x2 
 .text._sbrk    0x0000000008004cc0       0x6c ./Core/Src/sysmem.o
                0x0000000008004cc0                _sbrk
 .text.SystemInit
                0x0000000008004d2c       0x24 ./Core/Src/system_stm32f4xx.o
                0x0000000008004d2c                SystemInit
 .text.MX_USART2_UART_Init
                0x0000000008004d50       0x54 ./Core/Src/usart.o
                0x0000000008004d50                MX_USART2_UART_Init
 .text.HAL_UART_MspInit
                0x0000000008004da4       0x90 ./Core/Src/usart.o
                0x0000000008004da4                HAL_UART_MspInit
 .text.Reset_Handler
                0x0000000008004e34       0x50 ./Core/Startup/startup_stm32f401retx.o
                0x0000000008004e34                Reset_Handler
 .text.Default_Handler
                0x0000000008004e84        0x2 ./Core/Startup/startup_stm32f401retx.o
                0x0000000008004e84                RTC_Alarm_IRQHandler
                0x0000000008004e84                EXTI2_IRQHandler
                0x0000000008004e84                SPI4_IRQHandler
                0x0000000008004e84                TIM1_CC_IRQHandler
                0x0000000008004e84                DMA2_Stream5_IRQHandler
                0x0000000008004e84                DMA1_Stream5_IRQHandler
                0x0000000008004e84                PVD_IRQHandler
                0x0000000008004e84                SDIO_IRQHandler
                0x0000000008004e84                TAMP_STAMP_IRQHandler
                0x0000000008004e84                EXTI3_IRQHandler
                0x0000000008004e84                TIM1_UP_TIM10_IRQHandler
                0x0000000008004e84                I2C3_ER_IRQHandler
                0x0000000008004e84                EXTI0_IRQHandler
                0x0000000008004e84                I2C2_EV_IRQHandler
                0x0000000008004e84                DMA1_Stream2_IRQHandler
                0x0000000008004e84                FPU_IRQHandler
                0x0000000008004e84                DMA2_Stream2_IRQHandler
                0x0000000008004e84                SPI1_IRQHandler
                0x0000000008004e84                DMA2_Stream3_IRQHandler
                0x0000000008004e84                USART6_IRQHandler
                0x0000000008004e84                DMA2_Stream0_IRQHandler
                0x0000000008004e84                TIM4_IRQHandler
                0x0000000008004e84                I2C1_EV_IRQHandler
                0x0000000008004e84                DMA1_Stream6_IRQHandler
                0x0000000008004e84                DMA1_Stream1_IRQHandler
                0x0000000008004e84                TIM3_IRQHandler
                0x0000000008004e84                RCC_IRQHandler
                0x0000000008004e84                Default_Handler
                0x0000000008004e84                EXTI15_10_IRQHandler
                0x0000000008004e84                ADC_IRQHandler
                0x0000000008004e84                DMA1_Stream7_IRQHandler
                0x0000000008004e84                TIM5_IRQHandler
                0x0000000008004e84                DMA2_Stream7_IRQHandler
                0x0000000008004e84                I2C3_EV_IRQHandler
                0x0000000008004e84                EXTI9_5_IRQHandler
                0x0000000008004e84                RTC_WKUP_IRQHandler
                0x0000000008004e84                SPI2_IRQHandler
                0x0000000008004e84                DMA1_Stream0_IRQHandler
                0x0000000008004e84                EXTI4_IRQHandler
                0x0000000008004e84                WWDG_IRQHandler
                0x0000000008004e84                TIM2_IRQHandler
                0x0000000008004e84                OTG_FS_WKUP_IRQHandler
                0x0000000008004e84                TIM1_TRG_COM_TIM11_IRQHandler
                0x0000000008004e84                EXTI1_IRQHandler
                0x0000000008004e84                USART2_IRQHandler
                0x0000000008004e84                I2C2_ER_IRQHandler
                0x0000000008004e84                DMA2_Stream1_IRQHandler
                0x0000000008004e84                FLASH_IRQHandler
                0x0000000008004e84                DMA2_Stream4_IRQHandler
                0x0000000008004e84                USART1_IRQHandler
                0x0000000008004e84                OTG_FS_IRQHandler
                0x0000000008004e84                SPI3_IRQHandler
                0x0000000008004e84                DMA1_Stream4_IRQHandler
                0x0000000008004e84                I2C1_ER_IRQHandler
                0x0000000008004e84                DMA2_Stream6_IRQHandler
                0x0000000008004e84                DMA1_Stream3_IRQHandler
 *fill*         0x0000000008004e86        0x2 
 .text.HAL_Init
                0x0000000008004e88       0x44 ./Drivers/STM32F4xx_HAL_Driver/Src/stm32f4xx_hal.o
                0x0000000008004e88                HAL_Init
 .text.HAL_IncTick
                0x0000000008004ecc       0x28 ./Drivers/STM32F4xx_HAL_Driver/Src/stm32f4xx_hal.o
                0x0000000008004ecc                HAL_IncTick
 .text.HAL_GetTick
                0x0000000008004ef4       0x18 ./Drivers/STM32F4xx_HAL_Driver/Src/stm32f4xx_hal.o
                0x0000000008004ef4                HAL_GetTick
 .text.HAL_Delay
                0x0000000008004f0c       0x48 ./Drivers/STM32F4xx_HAL_Driver/Src/stm32f4xx_hal.o
                0x0000000008004f0c                HAL_Delay
 .text.__NVIC_SetPriorityGrouping
                0x0000000008004f54       0x48 ./Drivers/STM32F4xx_HAL_Driver/Src/stm32f4xx_hal_cortex.o
 .text.__NVIC_GetPriorityGrouping
                0x0000000008004f9c       0x1c ./Drivers/STM32F4xx_HAL_Driver/Src/stm32f4xx_hal_cortex.o
 .text.__NVIC_EnableIRQ
                0x0000000008004fb8       0x3c ./Drivers/STM32F4xx_HAL_Driver/Src/stm32f4xx_hal_cortex.o
 .text.__NVIC_SetPriority
                0x0000000008004ff4       0x54 ./Drivers/STM32F4xx_HAL_Driver/Src/stm32f4xx_hal_cortex.o
 .text.NVIC_EncodePriority
                0x0000000008005048       0x66 ./Drivers/STM32F4xx_HAL_Driver/Src/stm32f4xx_hal_cortex.o
 .text.HAL_NVIC_SetPriorityGrouping
                0x00000000080050ae       0x16 ./Drivers/STM32F4xx_HAL_Driver/Src/stm32f4xx_hal_cortex.o
                0x00000000080050ae                HAL_NVIC_SetPriorityGrouping
 .text.HAL_NVIC_SetPriority
                0x00000000080050c4       0x38 ./Drivers/STM32F4xx_HAL_Driver/Src/stm32f4xx_hal_cortex.o
                0x00000000080050c4                HAL_NVIC_SetPriority
 .text.HAL_NVIC_EnableIRQ
                0x00000000080050fc       0x1c ./Drivers/STM32F4xx_HAL_Driver/Src/stm32f4xx_hal_cortex.o
                0x00000000080050fc                HAL_NVIC_EnableIRQ
 .text.HAL_GPIO_Init
                0x0000000008005118      0x308 ./Drivers/STM32F4xx_HAL_Driver/Src/stm32f4xx_hal_gpio.o
                0x0000000008005118                HAL_GPIO_Init
 .text.HAL_GPIO_WritePin
                0x0000000008005420       0x32 ./Drivers/STM32F4xx_HAL_Driver/Src/stm32f4xx_hal_gpio.o
                0x0000000008005420                HAL_GPIO_WritePin
 *fill*         0x0000000008005452        0x2 
 .text.HAL_I2C_Init
                0x0000000008005454      0x288 ./Drivers/STM32F4xx_HAL_Driver/Src/stm32f4xx_hal_i2c.o
                0x0000000008005454                HAL_I2C_Init
 .text.HAL_I2C_Master_Transmit
                0x00000000080056dc      0x1fc ./Drivers/STM32F4xx_HAL_Driver/Src/stm32f4xx_hal_i2c.o
                0x00000000080056dc                HAL_I2C_Master_Transmit
 .text.HAL_I2C_Master_Receive
                0x00000000080058d8      0x44c ./Drivers/STM32F4xx_HAL_Driver/Src/stm32f4xx_hal_i2c.o
                0x00000000080058d8                HAL_I2C_Master_Receive
 .text.HAL_I2C_Mem_Read
                0x0000000008005d24      0x44c ./Drivers/STM32F4xx_HAL_Driver/Src/stm32f4xx_hal_i2c.o
                0x0000000008005d24                HAL_I2C_Mem_Read
 .text.HAL_I2C_IsDeviceReady
                0x0000000008006170      0x25c ./Drivers/STM32F4xx_HAL_Driver/Src/stm32f4xx_hal_i2c.o
                0x0000000008006170                HAL_I2C_IsDeviceReady
 .text.I2C_MasterRequestWrite
                0x00000000080063cc      0x104 ./Drivers/STM32F4xx_HAL_Driver/Src/stm32f4xx_hal_i2c.o
 .text.I2C_MasterRequestRead
                0x00000000080064d0      0x19c ./Drivers/STM32F4xx_HAL_Driver/Src/stm32f4xx_hal_i2c.o
 .text.I2C_RequestMemoryRead
                0x000000000800666c      0x1d0 ./Drivers/STM32F4xx_HAL_Driver/Src/stm32f4xx_hal_i2c.o
 .text.I2C_WaitOnFlagUntilTimeout
                0x000000000800683c       0xae ./Drivers/STM32F4xx_HAL_Driver/Src/stm32f4xx_hal_i2c.o
 .text.I2C_WaitOnMasterAddressFlagUntilTimeout
                0x00000000080068ea       0xfe ./Drivers/STM32F4xx_HAL_Driver/Src/stm32f4xx_hal_i2c.o
 .text.I2C_WaitOnTXEFlagUntilTimeout
                0x00000000080069e8       0x82 ./Drivers/STM32F4xx_HAL_Driver/Src/stm32f4xx_hal_i2c.o
 .text.I2C_WaitOnBTFFlagUntilTimeout
                0x0000000008006a6a       0x82 ./Drivers/STM32F4xx_HAL_Driver/Src/stm32f4xx_hal_i2c.o
 .text.I2C_WaitOnRXNEFlagUntilTimeout
                0x0000000008006aec       0xac ./Drivers/STM32F4xx_HAL_Driver/Src/stm32f4xx_hal_i2c.o
 .text.I2C_IsAcknowledgeFailed
                0x0000000008006b98       0x5e ./Drivers/STM32F4xx_HAL_Driver/Src/stm32f4xx_hal_i2c.o
 *fill*         0x0000000008006bf6        0x2 
 .text.HAL_RCC_OscConfig
                0x0000000008006bf8      0x4f0 ./Drivers/STM32F4xx_HAL_Driver/Src/stm32f4xx_hal_rcc.o
                0x0000000008006bf8                HAL_RCC_OscConfig
 .text.HAL_RCC_ClockConfig
                0x00000000080070e8      0x1cc ./Drivers/STM32F4xx_HAL_Driver/Src/stm32f4xx_hal_rcc.o
                0x00000000080070e8                HAL_RCC_ClockConfig
 .text.HAL_RCC_GetSysClockFreq
                0x00000000080072b4      0x18c ./Drivers/STM32F4xx_HAL_Driver/Src/stm32f4xx_hal_rcc.o
                0x00000000080072b4                HAL_RCC_GetSysClockFreq
 .text.HAL_RCC_GetHCLKFreq
                0x0000000008007440       0x18 ./Drivers/STM32F4xx_HAL_Driver/Src/stm32f4xx_hal_rcc.o
                0x0000000008007440                HAL_RCC_GetHCLKFreq
 .text.HAL_RCC_GetPCLK1Freq
                0x0000000008007458       0x28 ./Drivers/STM32F4xx_HAL_Driver/Src/stm32f4xx_hal_rcc.o
                0x0000000008007458                HAL_RCC_GetPCLK1Freq
 .text.HAL_RCC_GetPCLK2Freq
                0x0000000008007480       0x28 ./Drivers/STM32F4xx_HAL_Driver/Src/stm32f4xx_hal_rcc.o
                0x0000000008007480                HAL_RCC_GetPCLK2Freq
 .text.HAL_RCC_GetClockConfig
                0x00000000080074a8       0x64 ./Drivers/STM32F4xx_HAL_Driver/Src/stm32f4xx_hal_rcc.o
                0x00000000080074a8                HAL_RCC_GetClockConfig
 .text.HAL_SPI_Init
                0x000000000800750c      0x112 ./Drivers/STM32F4xx_HAL_Driver/Src/stm32f4xx_hal_spi.o
                0x000000000800750c                HAL_SPI_Init
 .text.HAL_SPI_Transmit
                0x000000000800761e      0x278 ./Drivers/STM32F4xx_HAL_Driver/Src/stm32f4xx_hal_spi.o
                0x000000000800761e                HAL_SPI_Transmit
 .text.HAL_SPI_TransmitReceive
                0x0000000008007896      0x344 ./Drivers/STM32F4xx_HAL_Driver/Src/stm32f4xx_hal_spi.o
                0x0000000008007896                HAL_SPI_TransmitReceive
 .text.HAL_SPI_GetState
                0x0000000008007bda       0x1c ./Drivers/STM32F4xx_HAL_Driver/Src/stm32f4xx_hal_spi.o
                0x0000000008007bda                HAL_SPI_GetState
 *fill*         0x0000000008007bf6        0x2 
 .text.SPI_WaitFlagStateUntilTimeout
                0x0000000008007bf8      0x110 ./Drivers/STM32F4xx_HAL_Driver/Src/stm32f4xx_hal_spi.o
 .text.SPI_EndRxTxTransaction
                0x0000000008007d08       0x84 ./Drivers/STM32F4xx_HAL_Driver/Src/stm32f4xx_hal_spi.o
 .text.HAL_TIM_Base_Init
                0x0000000008007d8c       0x9e ./Drivers/STM32F4xx_HAL_Driver/Src/stm32f4xx_hal_tim.o
                0x0000000008007d8c                HAL_TIM_Base_Init
 .text.HAL_TIM_Base_MspInit
                0x0000000008007e2a       0x14 ./Drivers/STM32F4xx_HAL_Driver/Src/stm32f4xx_hal_tim.o
                0x0000000008007e2a                HAL_TIM_Base_MspInit
 *fill*         0x0000000008007e3e        0x2 
 .text.HAL_TIM_Base_Start_IT
                0x0000000008007e40       0xc4 ./Drivers/STM32F4xx_HAL_Driver/Src/stm32f4xx_hal_tim.o
                0x0000000008007e40                HAL_TIM_Base_Start_IT
 .text.HAL_TIM_IRQHandler
                0x0000000008007f04      0x210 ./Drivers/STM32F4xx_HAL_Driver/Src/stm32f4xx_hal_tim.o
                0x0000000008007f04                HAL_TIM_IRQHandler
 .text.HAL_TIM_OC_DelayElapsedCallback
                0x0000000008008114       0x14 ./Drivers/STM32F4xx_HAL_Driver/Src/stm32f4xx_hal_tim.o
                0x0000000008008114                HAL_TIM_OC_DelayElapsedCallback
 .text.HAL_TIM_IC_CaptureCallback
                0x0000000008008128       0x14 ./Drivers/STM32F4xx_HAL_Driver/Src/stm32f4xx_hal_tim.o
                0x0000000008008128                HAL_TIM_IC_CaptureCallback
 .text.HAL_TIM_PWM_PulseFinishedCallback
                0x000000000800813c       0x14 ./Drivers/STM32F4xx_HAL_Driver/Src/stm32f4xx_hal_tim.o
                0x000000000800813c                HAL_TIM_PWM_PulseFinishedCallback
 .text.HAL_TIM_TriggerCallback
                0x0000000008008150       0x14 ./Drivers/STM32F4xx_HAL_Driver/Src/stm32f4xx_hal_tim.o
                0x0000000008008150                HAL_TIM_TriggerCallback
 .text.TIM_Base_SetConfig
                0x0000000008008164      0x100 ./Drivers/STM32F4xx_HAL_Driver/Src/stm32f4xx_hal_tim.o
                0x0000000008008164                TIM_Base_SetConfig
 .text.HAL_TIMEx_CommutCallback
                0x0000000008008264       0x14 ./Drivers/STM32F4xx_HAL_Driver/Src/stm32f4xx_hal_tim_ex.o
                0x0000000008008264                HAL_TIMEx_CommutCallback
 .text.HAL_TIMEx_BreakCallback
                0x0000000008008278       0x14 ./Drivers/STM32F4xx_HAL_Driver/Src/stm32f4xx_hal_tim_ex.o
                0x0000000008008278                HAL_TIMEx_BreakCallback
 .text.HAL_UART_Init
                0x000000000800828c       0x9a ./Drivers/STM32F4xx_HAL_Driver/Src/stm32f4xx_hal_uart.o
                0x000000000800828c                HAL_UART_Init
 .text.HAL_UART_Transmit
                0x0000000008008326      0x124 ./Drivers/STM32F4xx_HAL_Driver/Src/stm32f4xx_hal_uart.o
                0x0000000008008326                HAL_UART_Transmit
 .text.UART_WaitOnFlagUntilTimeout
                0x000000000800844a       0xdc ./Drivers/STM32F4xx_HAL_Driver/Src/stm32f4xx_hal_uart.o
 *fill*         0x0000000008008526        0x2 
 .text.UART_SetConfig
                0x0000000008008528      0x4e8 ./Drivers/STM32F4xx_HAL_Driver/Src/stm32f4xx_hal_uart.o
 .text.MX_FATFS_Init
                0x0000000008008a10       0x24 ./FATFS/App/fatfs.o
                0x0000000008008a10                MX_FATFS_Init
 .text.get_fattime
                0x0000000008008a34       0x10 ./FATFS/App/fatfs.o
                0x0000000008008a34                get_fattime
 .text.USER_initialize
                0x0000000008008a44       0x1c ./FATFS/Target/user_diskio.o
                0x0000000008008a44                USER_initialize
 .text.USER_status
                0x0000000008008a60       0x1c ./FATFS/Target/user_diskio.o
                0x0000000008008a60                USER_status
 .text.USER_read
                0x0000000008008a7c       0x26 ./FATFS/Target/user_diskio.o
                0x0000000008008a7c                USER_read
 .text.USER_write
                0x0000000008008aa2       0x26 ./FATFS/Target/user_diskio.o
                0x0000000008008aa2                USER_write
 .text.USER_ioctl
                0x0000000008008ac8       0x26 ./FATFS/Target/user_diskio.o
                0x0000000008008ac8                USER_ioctl
 *fill*         0x0000000008008aee        0x2 
 .text.disk_status
                0x0000000008008af0       0x34 ./Middlewares/Third_Party/FatFs/src/diskio.o
                0x0000000008008af0                disk_status
 .text.disk_initialize
                0x0000000008008b24       0x4c ./Middlewares/Third_Party/FatFs/src/diskio.o
                0x0000000008008b24                disk_initialize
 .text.disk_read
                0x0000000008008b70       0x40 ./Middlewares/Third_Party/FatFs/src/diskio.o
                0x0000000008008b70                disk_read
 .text.disk_write
                0x0000000008008bb0       0x40 ./Middlewares/Third_Party/FatFs/src/diskio.o
                0x0000000008008bb0                disk_write
 .text.disk_ioctl
                0x0000000008008bf0       0x3c ./Middlewares/Third_Party/FatFs/src/diskio.o
                0x0000000008008bf0                disk_ioctl
 .text.ld_word  0x0000000008008c2c       0x30 ./Middlewares/Third_Party/FatFs/src/ff.o
 .text.ld_dword
                0x0000000008008c5c       0x46 ./Middlewares/Third_Party/FatFs/src/ff.o
 .text.st_word  0x0000000008008ca2       0x36 ./Middlewares/Third_Party/FatFs/src/ff.o
 .text.st_dword
                0x0000000008008cd8       0x58 ./Middlewares/Third_Party/FatFs/src/ff.o
 .text.mem_cpy  0x0000000008008d30       0x42 ./Middlewares/Third_Party/FatFs/src/ff.o
 .text.mem_set  0x0000000008008d72       0x36 ./Middlewares/Third_Party/FatFs/src/ff.o
 .text.mem_cmp  0x0000000008008da8       0x4e ./Middlewares/Third_Party/FatFs/src/ff.o
 .text.chk_chr  0x0000000008008df6       0x36 ./Middlewares/Third_Party/FatFs/src/ff.o
 .text.lock_fs  0x0000000008008e2c       0x2c ./Middlewares/Third_Party/FatFs/src/ff.o
 .text.unlock_fs
                0x0000000008008e58       0x36 ./Middlewares/Third_Party/FatFs/src/ff.o
 *fill*         0x0000000008008e8e        0x2 
 .text.chk_lock
                0x0000000008008e90       0xb8 ./Middlewares/Third_Party/FatFs/src/ff.o
 .text.enq_lock
                0x0000000008008f48       0x44 ./Middlewares/Third_Party/FatFs/src/ff.o
 .text.inc_lock
                0x0000000008008f8c      0x11c ./Middlewares/Third_Party/FatFs/src/ff.o
 .text.dec_lock
                0x00000000080090a8       0x78 ./Middlewares/Third_Party/FatFs/src/ff.o
 .text.clear_lock
                0x0000000008009120       0x48 ./Middlewares/Third_Party/FatFs/src/ff.o
 .text.sync_window
                0x0000000008009168       0x88 ./Middlewares/Third_Party/FatFs/src/ff.o
 .text.move_window
                0x00000000080091f0       0x5a ./Middlewares/Third_Party/FatFs/src/ff.o
 *fill*         0x000000000800924a        0x2 
 .text.sync_fs  0x000000000800924c       0xdc ./Middlewares/Third_Party/FatFs/src/ff.o
 .text.clust2sect
                0x0000000008009328       0x3e ./Middlewares/Third_Party/FatFs/src/ff.o
 .text.get_fat  0x0000000008009366      0x150 ./Middlewares/Third_Party/FatFs/src/ff.o
 .text.put_fat  0x00000000080094b6      0x1d8 ./Middlewares/Third_Party/FatFs/src/ff.o
 .text.remove_chain
                0x000000000800968e       0xca ./Middlewares/Third_Party/FatFs/src/ff.o
 .text.create_chain
                0x0000000008009758      0x130 ./Middlewares/Third_Party/FatFs/src/ff.o
 .text.clmt_clust
                0x0000000008009888       0x68 ./Middlewares/Third_Party/FatFs/src/ff.o
 .text.dir_sdi  0x00000000080098f0       0xf6 ./Middlewares/Third_Party/FatFs/src/ff.o
 .text.dir_next
                0x00000000080099e6      0x18a ./Middlewares/Third_Party/FatFs/src/ff.o
 .text.dir_alloc
                0x0000000008009b70       0x8e ./Middlewares/Third_Party/FatFs/src/ff.o
 .text.ld_clust
                0x0000000008009bfe       0x3e ./Middlewares/Third_Party/FatFs/src/ff.o
 .text.st_clust
                0x0000000008009c3c       0x40 ./Middlewares/Third_Party/FatFs/src/ff.o
 .text.dir_find
                0x0000000008009c7c       0xaa ./Middlewares/Third_Party/FatFs/src/ff.o
 .text.dir_register
                0x0000000008009d26       0x64 ./Middlewares/Third_Party/FatFs/src/ff.o
 .text.get_fileinfo
                0x0000000008009d8a       0xbe ./Middlewares/Third_Party/FatFs/src/ff.o
 .text.create_name
                0x0000000008009e48      0x128 ./Middlewares/Third_Party/FatFs/src/ff.o
 .text.follow_path
                0x0000000008009f70       0xe2 ./Middlewares/Third_Party/FatFs/src/ff.o
 .text.get_ldnumber
                0x000000000800a052       0x88 ./Middlewares/Third_Party/FatFs/src/ff.o
 *fill*         0x000000000800a0da        0x2 
 .text.check_fs
                0x000000000800a0dc       0xac ./Middlewares/Third_Party/FatFs/src/ff.o
 .text.find_volume
                0x000000000800a188      0x4a8 ./Middlewares/Third_Party/FatFs/src/ff.o
 .text.validate
                0x000000000800a630       0x8e ./Middlewares/Third_Party/FatFs/src/ff.o
 *fill*         0x000000000800a6be        0x2 
 .text.f_mount  0x000000000800a6c0       0xc8 ./Middlewares/Third_Party/FatFs/src/ff.o
                0x000000000800a6c0                f_mount
 .text.f_open   0x000000000800a788      0x38a ./Middlewares/Third_Party/FatFs/src/ff.o
                0x000000000800a788                f_open
 .text.f_write  0x000000000800ab12      0x348 ./Middlewares/Third_Party/FatFs/src/ff.o
                0x000000000800ab12                f_write
 .text.f_sync   0x000000000800ae5a      0x112 ./Middlewares/Third_Party/FatFs/src/ff.o
                0x000000000800ae5a                f_sync
 .text.f_close  0x000000000800af6c       0x5e ./Middlewares/Third_Party/FatFs/src/ff.o
                0x000000000800af6c                f_close
 .text.f_stat   0x000000000800afca       0x80 ./Middlewares/Third_Party/FatFs/src/ff.o
                0x000000000800afca                f_stat
 *fill*         0x000000000800b04a        0x2 
 .text.FATFS_LinkDriverEx
                0x000000000800b04c       0x98 ./Middlewares/Third_Party/FatFs/src/ff_gen_drv.o
                0x000000000800b04c                FATFS_LinkDriverEx
 .text.FATFS_LinkDriver
                0x000000000800b0e4       0x1e ./Middlewares/Third_Party/FatFs/src/ff_gen_drv.o
                0x000000000800b0e4                FATFS_LinkDriver
 .text.ff_cre_syncobj
                0x000000000800b102       0x36 ./Middlewares/Third_Party/FatFs/src/option/syscall.o
                0x000000000800b102                ff_cre_syncobj
 .text.ff_del_syncobj
                0x000000000800b138       0x18 ./Middlewares/Third_Party/FatFs/src/option/syscall.o
                0x000000000800b138                ff_del_syncobj
 .text.ff_req_grant
                0x000000000800b150       0x2a ./Middlewares/Third_Party/FatFs/src/option/syscall.o
                0x000000000800b150                ff_req_grant
 .text.ff_rel_grant
                0x000000000800b17a       0x16 ./Middlewares/Third_Party/FatFs/src/option/syscall.o
                0x000000000800b17a                ff_rel_grant
 .text.__NVIC_SetPriority
                0x000000000800b190       0x54 ./Middlewares/Third_Party/FreeRTOS/Source/CMSIS_RTOS_V2/cmsis_os2.o
 .text.SysTick_Handler
                0x000000000800b1e4       0x20 ./Middlewares/Third_Party/FreeRTOS/Source/CMSIS_RTOS_V2/cmsis_os2.o
                0x000000000800b1e4                SysTick_Handler
 .text.SVC_Setup
                0x000000000800b204       0x12 ./Middlewares/Third_Party/FreeRTOS/Source/CMSIS_RTOS_V2/cmsis_os2.o
 *fill*         0x000000000800b216        0x2 
 .text.osKernelInitialize
                0x000000000800b218       0x48 ./Middlewares/Third_Party/FreeRTOS/Source/CMSIS_RTOS_V2/cmsis_os2.o
                0x000000000800b218                osKernelInitialize
 .text.osKernelStart
                0x000000000800b260       0x4c ./Middlewares/Third_Party/FreeRTOS/Source/CMSIS_RTOS_V2/cmsis_os2.o
                0x000000000800b260                osKernelStart
 .text.osThreadNew
                0x000000000800b2ac      0x124 ./Middlewares/Third_Party/FreeRTOS/Source/CMSIS_RTOS_V2/cmsis_os2.o
                0x000000000800b2ac                osThreadNew
 .text.osDelay  0x000000000800b3d0       0x36 ./Middlewares/Third_Party/FreeRTOS/Source/CMSIS_RTOS_V2/cmsis_os2.o
                0x000000000800b3d0                osDelay
 .text.TimerCallback
                0x000000000800b406       0x2a ./Middlewares/Third_Party/FreeRTOS/Source/CMSIS_RTOS_V2/cmsis_os2.o
 .text.osTimerNew
                0x000000000800b430       0xf8 ./Middlewares/Third_Party/FreeRTOS/Source/CMSIS_RTOS_V2/cmsis_os2.o
                0x000000000800b430                osTimerNew
 .text.osTimerStart
                0x000000000800b528       0x5c ./Middlewares/Third_Party/FreeRTOS/Source/CMSIS_RTOS_V2/cmsis_os2.o
                0x000000000800b528                osTimerStart
 .text.osSemaphoreNew
                0x000000000800b584      0x112 ./Middlewares/Third_Party/FreeRTOS/Source/CMSIS_RTOS_V2/cmsis_os2.o
                0x000000000800b584                osSemaphoreNew
 *fill*         0x000000000800b696        0x2 
 .text.osSemaphoreAcquire
                0x000000000800b698       0xa4 ./Middlewares/Third_Party/FreeRTOS/Source/CMSIS_RTOS_V2/cmsis_os2.o
                0x000000000800b698                osSemaphoreAcquire
 .text.osSemaphoreRelease
                0x000000000800b73c       0x88 ./Middlewares/Third_Party/FreeRTOS/Source/CMSIS_RTOS_V2/cmsis_os2.o
                0x000000000800b73c                osSemaphoreRelease
 .text.osSemaphoreDelete
                0x000000000800b7c4       0x48 ./Middlewares/Third_Party/FreeRTOS/Source/CMSIS_RTOS_V2/cmsis_os2.o
                0x000000000800b7c4                osSemaphoreDelete
 .text.osMessageQueueNew
                0x000000000800b80c       0xe6 ./Middlewares/Third_Party/FreeRTOS/Source/CMSIS_RTOS_V2/cmsis_os2.o
                0x000000000800b80c                osMessageQueueNew
 *fill*         0x000000000800b8f2        0x2 
 .text.osMessageQueuePut
                0x000000000800b8f4       0xc0 ./Middlewares/Third_Party/FreeRTOS/Source/CMSIS_RTOS_V2/cmsis_os2.o
                0x000000000800b8f4                osMessageQueuePut
 .text.osMessageQueueGet
                0x000000000800b9b4       0xbc ./Middlewares/Third_Party/FreeRTOS/Source/CMSIS_RTOS_V2/cmsis_os2.o
                0x000000000800b9b4                osMessageQueueGet
 .text.vApplicationGetIdleTaskMemory
                0x000000000800ba70       0x34 ./Middlewares/Third_Party/FreeRTOS/Source/CMSIS_RTOS_V2/cmsis_os2.o
                0x000000000800ba70                vApplicationGetIdleTaskMemory
 .text.vApplicationGetTimerTaskMemory
                0x000000000800baa4       0x34 ./Middlewares/Third_Party/FreeRTOS/Source/CMSIS_RTOS_V2/cmsis_os2.o
                0x000000000800baa4                vApplicationGetTimerTaskMemory
 .text.vListInitialise
                0x000000000800bad8       0x40 ./Middlewares/Third_Party/FreeRTOS/Source/list.o
                0x000000000800bad8                vListInitialise
 .text.vListInitialiseItem
                0x000000000800bb18       0x1a ./Middlewares/Third_Party/FreeRTOS/Source/list.o
                0x000000000800bb18                vListInitialiseItem
 .text.vListInsertEnd
                0x000000000800bb32       0x48 ./Middlewares/Third_Party/FreeRTOS/Source/list.o
                0x000000000800bb32                vListInsertEnd
 .text.vListInsert
                0x000000000800bb7a       0x72 ./Middlewares/Third_Party/FreeRTOS/Source/list.o
                0x000000000800bb7a                vListInsert
 .text.uxListRemove
                0x000000000800bbec       0x54 ./Middlewares/Third_Party/FreeRTOS/Source/list.o
                0x000000000800bbec                uxListRemove
 .text.xQueueGenericReset
                0x000000000800bc40       0xb6 ./Middlewares/Third_Party/FreeRTOS/Source/queue.o
                0x000000000800bc40                xQueueGenericReset
 .text.xQueueGenericCreateStatic
                0x000000000800bcf6       0xf0 ./Middlewares/Third_Party/FreeRTOS/Source/queue.o
                0x000000000800bcf6                xQueueGenericCreateStatic
 .text.xQueueGenericCreate
                0x000000000800bde6       0x74 ./Middlewares/Third_Party/FreeRTOS/Source/queue.o
                0x000000000800bde6                xQueueGenericCreate
 .text.prvInitialiseNewQueue
                0x000000000800be5a       0x46 ./Middlewares/Third_Party/FreeRTOS/Source/queue.o
 .text.xQueueCreateCountingSemaphoreStatic
                0x000000000800bea0       0x6e ./Middlewares/Third_Party/FreeRTOS/Source/queue.o
                0x000000000800bea0                xQueueCreateCountingSemaphoreStatic
 .text.xQueueCreateCountingSemaphore
                0x000000000800bf0e       0x66 ./Middlewares/Third_Party/FreeRTOS/Source/queue.o
                0x000000000800bf0e                xQueueCreateCountingSemaphore
 .text.xQueueGenericSend
                0x000000000800bf74      0x1cc ./Middlewares/Third_Party/FreeRTOS/Source/queue.o
                0x000000000800bf74                xQueueGenericSend
 .text.xQueueGenericSendFromISR
                0x000000000800c140      0x136 ./Middlewares/Third_Party/FreeRTOS/Source/queue.o
                0x000000000800c140                xQueueGenericSendFromISR
 .text.xQueueGiveFromISR
                0x000000000800c276      0x11a ./Middlewares/Third_Party/FreeRTOS/Source/queue.o
                0x000000000800c276                xQueueGiveFromISR
 .text.xQueueReceive
                0x000000000800c390      0x1a8 ./Middlewares/Third_Party/FreeRTOS/Source/queue.o
                0x000000000800c390                xQueueReceive
 .text.xQueueSemaphoreTake
                0x000000000800c538      0x200 ./Middlewares/Third_Party/FreeRTOS/Source/queue.o
                0x000000000800c538                xQueueSemaphoreTake
 .text.xQueueReceiveFromISR
                0x000000000800c738      0x100 ./Middlewares/Third_Party/FreeRTOS/Source/queue.o
                0x000000000800c738                xQueueReceiveFromISR
 .text.vQueueDelete
                0x000000000800c838       0x46 ./Middlewares/Third_Party/FreeRTOS/Source/queue.o
                0x000000000800c838                vQueueDelete
 .text.prvGetDisinheritPriorityAfterTimeout
                0x000000000800c87e       0x30 ./Middlewares/Third_Party/FreeRTOS/Source/queue.o
 .text.prvCopyDataToQueue
                0x000000000800c8ae       0xd4 ./Middlewares/Third_Party/FreeRTOS/Source/queue.o
 .text.prvCopyDataFromQueue
                0x000000000800c982       0x4c ./Middlewares/Third_Party/FreeRTOS/Source/queue.o
 .text.prvUnlockQueue
                0x000000000800c9ce       0xa4 ./Middlewares/Third_Party/FreeRTOS/Source/queue.o
 .text.prvIsQueueEmpty
                0x000000000800ca72       0x2c ./Middlewares/Third_Party/FreeRTOS/Source/queue.o
 .text.prvIsQueueFull
                0x000000000800ca9e       0x30 ./Middlewares/Third_Party/FreeRTOS/Source/queue.o
 *fill*         0x000000000800cace        0x2 
 .text.vQueueAddToRegistry
                0x000000000800cad0       0x54 ./Middlewares/Third_Party/FreeRTOS/Source/queue.o
                0x000000000800cad0                vQueueAddToRegistry
 .text.vQueueUnregisterQueue
                0x000000000800cb24       0x54 ./Middlewares/Third_Party/FreeRTOS/Source/queue.o
                0x000000000800cb24                vQueueUnregisterQueue
 .text.vQueueWaitForMessageRestricted
                0x000000000800cb78       0x68 ./Middlewares/Third_Party/FreeRTOS/Source/queue.o
                0x000000000800cb78                vQueueWaitForMessageRestricted
 .text.xTaskCreateStatic
                0x000000000800cbe0       0xba ./Middlewares/Third_Party/FreeRTOS/Source/tasks.o
                0x000000000800cbe0                xTaskCreateStatic
 .text.xTaskCreate
                0x000000000800cc9a       0x8a ./Middlewares/Third_Party/FreeRTOS/Source/tasks.o
                0x000000000800cc9a                xTaskCreate
 .text.prvInitialiseNewTask
                0x000000000800cd24      0x14c ./Middlewares/Third_Party/FreeRTOS/Source/tasks.o
 .text.prvAddNewTaskToReadyList
                0x000000000800ce70       0xc0 ./Middlewares/Third_Party/FreeRTOS/Source/tasks.o
 .text.vTaskDelay
                0x000000000800cf30       0x68 ./Middlewares/Third_Party/FreeRTOS/Source/tasks.o
                0x000000000800cf30                vTaskDelay
 .text.vTaskStartScheduler
                0x000000000800cf98       0xe0 ./Middlewares/Third_Party/FreeRTOS/Source/tasks.o
                0x000000000800cf98                vTaskStartScheduler
 .text.vTaskSuspendAll
                0x000000000800d078       0x1c ./Middlewares/Third_Party/FreeRTOS/Source/tasks.o
                0x000000000800d078                vTaskSuspendAll
 .text.xTaskResumeAll
                0x000000000800d094      0x120 ./Middlewares/Third_Party/FreeRTOS/Source/tasks.o
                0x000000000800d094                xTaskResumeAll
 .text.xTaskGetTickCount
                0x000000000800d1b4       0x20 ./Middlewares/Third_Party/FreeRTOS/Source/tasks.o
                0x000000000800d1b4                xTaskGetTickCount
 .text.xTaskIncrementTick
                0x000000000800d1d4      0x12c ./Middlewares/Third_Party/FreeRTOS/Source/tasks.o
                0x000000000800d1d4                xTaskIncrementTick
 .text.vTaskSwitchContext
                0x000000000800d300       0xc8 ./Middlewares/Third_Party/FreeRTOS/Source/tasks.o
                0x000000000800d300                vTaskSwitchContext
 .text.vTaskPlaceOnEventList
                0x000000000800d3c8       0x48 ./Middlewares/Third_Party/FreeRTOS/Source/tasks.o
                0x000000000800d3c8                vTaskPlaceOnEventList
 .text.vTaskPlaceOnEventListRestricted
                0x000000000800d410       0x58 ./Middlewares/Third_Party/FreeRTOS/Source/tasks.o
                0x000000000800d410                vTaskPlaceOnEventListRestricted
 .text.xTaskRemoveFromEventList
                0x000000000800d468       0xc8 ./Middlewares/Third_Party/FreeRTOS/Source/tasks.o
                0x000000000800d468                xTaskRemoveFromEventList
 .text.vTaskInternalSetTimeOutState
                0x000000000800d530       0x2c ./Middlewares/Third_Party/FreeRTOS/Source/tasks.o
                0x000000000800d530                vTaskInternalSetTimeOutState
 .text.xTaskCheckForTimeOut
                0x000000000800d55c       0xc4 ./Middlewares/Third_Party/FreeRTOS/Source/tasks.o
                0x000000000800d55c                xTaskCheckForTimeOut
 .text.vTaskMissedYield
                0x000000000800d620       0x18 ./Middlewares/Third_Party/FreeRTOS/Source/tasks.o
                0x000000000800d620                vTaskMissedYield
 .text.prvIdleTask
                0x000000000800d638       0x24 ./Middlewares/Third_Party/FreeRTOS/Source/tasks.o
 .text.prvInitialiseTaskLists
                0x000000000800d65c       0x80 ./Middlewares/Third_Party/FreeRTOS/Source/tasks.o
 .text.prvCheckTasksWaitingTermination
                0x000000000800d6dc       0x5c ./Middlewares/Third_Party/FreeRTOS/Source/tasks.o
 .text.prvDeleteTCB
                0x000000000800d738       0x68 ./Middlewares/Third_Party/FreeRTOS/Source/tasks.o
 .text.prvResetNextTaskUnblockTime
                0x000000000800d7a0       0x40 ./Middlewares/Third_Party/FreeRTOS/Source/tasks.o
 .text.xTaskGetSchedulerState
                0x000000000800d7e0       0x3c ./Middlewares/Third_Party/FreeRTOS/Source/tasks.o
                0x000000000800d7e0                xTaskGetSchedulerState
 .text.xTaskPriorityInherit
                0x000000000800d81c       0xd0 ./Middlewares/Third_Party/FreeRTOS/Source/tasks.o
                0x000000000800d81c                xTaskPriorityInherit
 .text.xTaskPriorityDisinherit
                0x000000000800d8ec       0xdc ./Middlewares/Third_Party/FreeRTOS/Source/tasks.o
                0x000000000800d8ec                xTaskPriorityDisinherit
 .text.vTaskPriorityDisinheritAfterTimeout
                0x000000000800d9c8      0x104 ./Middlewares/Third_Party/FreeRTOS/Source/tasks.o
                0x000000000800d9c8                vTaskPriorityDisinheritAfterTimeout
 .text.pvTaskIncrementMutexHeldCount
                0x000000000800dacc       0x28 ./Middlewares/Third_Party/FreeRTOS/Source/tasks.o
                0x000000000800dacc                pvTaskIncrementMutexHeldCount
 .text.prvAddCurrentTaskToDelayedList
                0x000000000800daf4       0xa8 ./Middlewares/Third_Party/FreeRTOS/Source/tasks.o
 .text.xTimerCreateTimerTask
                0x000000000800db9c       0x90 ./Middlewares/Third_Party/FreeRTOS/Source/timers.o
                0x000000000800db9c                xTimerCreateTimerTask
 .text.xTimerCreate
                0x000000000800dc2c       0x42 ./Middlewares/Third_Party/FreeRTOS/Source/timers.o
                0x000000000800dc2c                xTimerCreate
 .text.xTimerCreateStatic
                0x000000000800dc6e       0x7c ./Middlewares/Third_Party/FreeRTOS/Source/timers.o
                0x000000000800dc6e                xTimerCreateStatic
 .text.prvInitialiseNewTimer
                0x000000000800dcea       0x76 ./Middlewares/Third_Party/FreeRTOS/Source/timers.o
 .text.xTimerGenericCommand
                0x000000000800dd60       0x9c ./Middlewares/Third_Party/FreeRTOS/Source/timers.o
                0x000000000800dd60                xTimerGenericCommand
 .text.prvProcessExpiredTimer
                0x000000000800ddfc       0x98 ./Middlewares/Third_Party/FreeRTOS/Source/timers.o
 .text.prvTimerTask
                0x000000000800de94       0x24 ./Middlewares/Third_Party/FreeRTOS/Source/timers.o
 .text.prvProcessTimerOrBlockTask
                0x000000000800deb8       0x9c ./Middlewares/Third_Party/FreeRTOS/Source/timers.o
 .text.prvGetNextExpireTime
                0x000000000800df54       0x48 ./Middlewares/Third_Party/FreeRTOS/Source/timers.o
 .text.prvSampleTimeNow
                0x000000000800df9c       0x40 ./Middlewares/Third_Party/FreeRTOS/Source/timers.o
 .text.prvInsertTimerInActiveList
                0x000000000800dfdc       0x84 ./Middlewares/Third_Party/FreeRTOS/Source/timers.o
 .text.prvProcessReceivedCommands
                0x000000000800e060      0x1c4 ./Middlewares/Third_Party/FreeRTOS/Source/timers.o
 .text.prvSwitchTimerLists
                0x000000000800e224       0xc8 ./Middlewares/Third_Party/FreeRTOS/Source/timers.o
 .text.prvCheckForValidListAndQueue
                0x000000000800e2ec       0x80 ./Middlewares/Third_Party/FreeRTOS/Source/timers.o
 .text.pvTimerGetTimerID
                0x000000000800e36c       0x40 ./Middlewares/Third_Party/FreeRTOS/Source/timers.o
                0x000000000800e36c                pvTimerGetTimerID
 .text.pxPortInitialiseStack
                0x000000000800e3ac       0x68 ./Middlewares/Third_Party/FreeRTOS/Source/portable/GCC/ARM_CM4F/port.o
                0x000000000800e3ac                pxPortInitialiseStack
 .text.prvTaskExitError
                0x000000000800e414       0x58 ./Middlewares/Third_Party/FreeRTOS/Source/portable/GCC/ARM_CM4F/port.o
 *fill*         0x000000000800e46c        0x4 
 .text.SVC_Handler
                0x000000000800e470       0x28 ./Middlewares/Third_Party/FreeRTOS/Source/portable/GCC/ARM_CM4F/port.o
                0x000000000800e470                SVC_Handler
 .text.prvPortStartFirstTask
                0x000000000800e498       0x28 ./Middlewares/Third_Party/FreeRTOS/Source/portable/GCC/ARM_CM4F/port.o
 .text.xPortStartScheduler
                0x000000000800e4c0      0x144 ./Middlewares/Third_Party/FreeRTOS/Source/portable/GCC/ARM_CM4F/port.o
                0x000000000800e4c0                xPortStartScheduler
 .text.vPortEnterCritical
                0x000000000800e604       0x60 ./Middlewares/Third_Party/FreeRTOS/Source/portable/GCC/ARM_CM4F/port.o
                0x000000000800e604                vPortEnterCritical
 .text.vPortExitCritical
                0x000000000800e664       0x54 ./Middlewares/Third_Party/FreeRTOS/Source/portable/GCC/ARM_CM4F/port.o
                0x000000000800e664                vPortExitCritical
 *fill*         0x000000000800e6b8        0x8 
 .text.PendSV_Handler
                0x000000000800e6c0       0x68 ./Middlewares/Third_Party/FreeRTOS/Source/portable/GCC/ARM_CM4F/port.o
                0x000000000800e6c0                PendSV_Handler
 .text.xPortSysTickHandler
                0x000000000800e728       0x44 ./Middlewares/Third_Party/FreeRTOS/Source/portable/GCC/ARM_CM4F/port.o
                0x000000000800e728                xPortSysTickHandler
 .text.vPortSetupTimerInterrupt
                0x000000000800e76c       0x48 ./Middlewares/Third_Party/FreeRTOS/Source/portable/GCC/ARM_CM4F/port.o
                0x000000000800e76c                vPortSetupTimerInterrupt
 .text.vPortEnableVFP
                0x000000000800e7b4       0x14 ./Middlewares/Third_Party/FreeRTOS/Source/portable/GCC/ARM_CM4F/port.o
 .text.vPortValidateInterruptPriority
                0x000000000800e7c8       0x80 ./Middlewares/Third_Party/FreeRTOS/Source/portable/GCC/ARM_CM4F/port.o
                0x000000000800e7c8                vPortValidateInterruptPriority
 .text.pvPortMalloc
                0x000000000800e848      0x198 ./Middlewares/Third_Party/FreeRTOS/Source/portable/MemMang/heap_4.o
                0x000000000800e848                pvPortMalloc
 .text.vPortFree
                0x000000000800e9e0       0xc4 ./Middlewares/Third_Party/FreeRTOS/Source/portable/MemMang/heap_4.o
                0x000000000800e9e0                vPortFree
 .text.prvHeapInit
                0x000000000800eaa4       0xc4 ./Middlewares/Third_Party/FreeRTOS/Source/portable/MemMang/heap_4.o
 .text.prvInsertBlockIntoFreeList
                0x000000000800eb68       0xb4 ./Middlewares/Third_Party/FreeRTOS/Source/portable/MemMang/heap_4.o
 .text.__errno  0x000000000800ec1c        0xc c:/st/stm32cubeide_1.9.0/stm32cubeide/plugins/com.st.stm32cube.ide.mcu.externaltools.gnu-tools-for-stm32.10.3-2021.10.win32_1.0.0.202111181127/tools/bin/../lib/gcc/arm-none-eabi/10.3.1/../../../../arm-none-eabi/lib/thumb/v7e-m+fp/hard\libc_nano.a(lib_a-errno.o)
                0x000000000800ec1c                __errno
 .text.std      0x000000000800ec28       0x48 c:/st/stm32cubeide_1.9.0/stm32cubeide/plugins/com.st.stm32cube.ide.mcu.externaltools.gnu-tools-for-stm32.10.3-2021.10.win32_1.0.0.202111181127/tools/bin/../lib/gcc/arm-none-eabi/10.3.1/../../../../arm-none-eabi/lib/thumb/v7e-m+fp/hard\libc_nano.a(lib_a-findfp.o)
 .text._cleanup_r
                0x000000000800ec70        0xc c:/st/stm32cubeide_1.9.0/stm32cubeide/plugins/com.st.stm32cube.ide.mcu.externaltools.gnu-tools-for-stm32.10.3-2021.10.win32_1.0.0.202111181127/tools/bin/../lib/gcc/arm-none-eabi/10.3.1/../../../../arm-none-eabi/lib/thumb/v7e-m+fp/hard\libc_nano.a(lib_a-findfp.o)
                0x000000000800ec70                _cleanup_r
 .text.__sfmoreglue
                0x000000000800ec7c       0x2c c:/st/stm32cubeide_1.9.0/stm32cubeide/plugins/com.st.stm32cube.ide.mcu.externaltools.gnu-tools-for-stm32.10.3-2021.10.win32_1.0.0.202111181127/tools/bin/../lib/gcc/arm-none-eabi/10.3.1/../../../../arm-none-eabi/lib/thumb/v7e-m+fp/hard\libc_nano.a(lib_a-findfp.o)
                0x000000000800ec7c                __sfmoreglue
 .text.__sfp_lock_acquire
                0x000000000800eca8        0xc c:/st/stm32cubeide_1.9.0/stm32cubeide/plugins/com.st.stm32cube.ide.mcu.externaltools.gnu-tools-for-stm32.10.3-2021.10.win32_1.0.0.202111181127/tools/bin/../lib/gcc/arm-none-eabi/10.3.1/../../../../arm-none-eabi/lib/thumb/v7e-m+fp/hard\libc_nano.a(lib_a-findfp.o)
                0x000000000800eca8                __sfp_lock_acquire
 .text.__sfp_lock_release
                0x000000000800ecb4        0xc c:/st/stm32cubeide_1.9.0/stm32cubeide/plugins/com.st.stm32cube.ide.mcu.externaltools.gnu-tools-for-stm32.10.3-2021.10.win32_1.0.0.202111181127/tools/bin/../lib/gcc/arm-none-eabi/10.3.1/../../../../arm-none-eabi/lib/thumb/v7e-m+fp/hard\libc_nano.a(lib_a-findfp.o)
                0x000000000800ecb4                __sfp_lock_release
 .text.__sinit_lock_acquire
                0x000000000800ecc0        0xc c:/st/stm32cubeide_1.9.0/stm32cubeide/plugins/com.st.stm32cube.ide.mcu.externaltools.gnu-tools-for-stm32.10.3-2021.10.win32_1.0.0.202111181127/tools/bin/../lib/gcc/arm-none-eabi/10.3.1/../../../../arm-none-eabi/lib/thumb/v7e-m+fp/hard\libc_nano.a(lib_a-findfp.o)
                0x000000000800ecc0                __sinit_lock_acquire
 .text.__sinit_lock_release
                0x000000000800eccc        0xc c:/st/stm32cubeide_1.9.0/stm32cubeide/plugins/com.st.stm32cube.ide.mcu.externaltools.gnu-tools-for-stm32.10.3-2021.10.win32_1.0.0.202111181127/tools/bin/../lib/gcc/arm-none-eabi/10.3.1/../../../../arm-none-eabi/lib/thumb/v7e-m+fp/hard\libc_nano.a(lib_a-findfp.o)
                0x000000000800eccc                __sinit_lock_release
 .text.__sinit  0x000000000800ecd8       0x70 c:/st/stm32cubeide_1.9.0/stm32cubeide/plugins/com.st.stm32cube.ide.mcu.externaltools.gnu-tools-for-stm32.10.3-2021.10.win32_1.0.0.202111181127/tools/bin/../lib/gcc/arm-none-eabi/10.3.1/../../../../arm-none-eabi/lib/thumb/v7e-m+fp/hard\libc_nano.a(lib_a-findfp.o)
                0x000000000800ecd8                __sinit
 .text.__sfp    0x000000000800ed48       0x8c c:/st/stm32cubeide_1.9.0/stm32cubeide/plugins/com.st.stm32cube.ide.mcu.externaltools.gnu-tools-for-stm32.10.3-2021.10.win32_1.0.0.202111181127/tools/bin/../lib/gcc/arm-none-eabi/10.3.1/../../../../arm-none-eabi/lib/thumb/v7e-m+fp/hard\libc_nano.a(lib_a-findfp.o)
                0x000000000800ed48                __sfp
 .text._fwalk_reent
                0x000000000800edd4       0x3e c:/st/stm32cubeide_1.9.0/stm32cubeide/plugins/com.st.stm32cube.ide.mcu.externaltools.gnu-tools-for-stm32.10.3-2021.10.win32_1.0.0.202111181127/tools/bin/../lib/gcc/arm-none-eabi/10.3.1/../../../../arm-none-eabi/lib/thumb/v7e-m+fp/hard\libc_nano.a(lib_a-fwalk.o)
                0x000000000800edd4                _fwalk_reent
 *fill*         0x000000000800ee12        0x2 
 .text.__libc_init_array
                0x000000000800ee14       0x48 c:/st/stm32cubeide_1.9.0/stm32cubeide/plugins/com.st.stm32cube.ide.mcu.externaltools.gnu-tools-for-stm32.10.3-2021.10.win32_1.0.0.202111181127/tools/bin/../lib/gcc/arm-none-eabi/10.3.1/../../../../arm-none-eabi/lib/thumb/v7e-m+fp/hard\libc_nano.a(lib_a-init.o)
                0x000000000800ee14                __libc_init_array
 .text.__retarget_lock_init_recursive
                0x000000000800ee5c        0x2 c:/st/stm32cubeide_1.9.0/stm32cubeide/plugins/com.st.stm32cube.ide.mcu.externaltools.gnu-tools-for-stm32.10.3-2021.10.win32_1.0.0.202111181127/tools/bin/../lib/gcc/arm-none-eabi/10.3.1/../../../../arm-none-eabi/lib/thumb/v7e-m+fp/hard\libc_nano.a(lib_a-lock.o)
                0x000000000800ee5c                __retarget_lock_init_recursive
 .text.__retarget_lock_acquire_recursive
                0x000000000800ee5e        0x2 c:/st/stm32cubeide_1.9.0/stm32cubeide/plugins/com.st.stm32cube.ide.mcu.externaltools.gnu-tools-for-stm32.10.3-2021.10.win32_1.0.0.202111181127/tools/bin/../lib/gcc/arm-none-eabi/10.3.1/../../../../arm-none-eabi/lib/thumb/v7e-m+fp/hard\libc_nano.a(lib_a-lock.o)
                0x000000000800ee5e                __retarget_lock_acquire_recursive
 .text.__retarget_lock_release_recursive
                0x000000000800ee60        0x2 c:/st/stm32cubeide_1.9.0/stm32cubeide/plugins/com.st.stm32cube.ide.mcu.externaltools.gnu-tools-for-stm32.10.3-2021.10.win32_1.0.0.202111181127/tools/bin/../lib/gcc/arm-none-eabi/10.3.1/../../../../arm-none-eabi/lib/thumb/v7e-m+fp/hard\libc_nano.a(lib_a-lock.o)
                0x000000000800ee60                __retarget_lock_release_recursive
 .text.memcpy   0x000000000800ee62       0x1c c:/st/stm32cubeide_1.9.0/stm32cubeide/plugins/com.st.stm32cube.ide.mcu.externaltools.gnu-tools-for-stm32.10.3-2021.10.win32_1.0.0.202111181127/tools/bin/../lib/gcc/arm-none-eabi/10.3.1/../../../../arm-none-eabi/lib/thumb/v7e-m+fp/hard\libc_nano.a(lib_a-memcpy-stub.o)
                0x000000000800ee62                memcpy
 .text.memset   0x000000000800ee7e       0x10 c:/st/stm32cubeide_1.9.0/stm32cubeide/plugins/com.st.stm32cube.ide.mcu.externaltools.gnu-tools-for-stm32.10.3-2021.10.win32_1.0.0.202111181127/tools/bin/../lib/gcc/arm-none-eabi/10.3.1/../../../../arm-none-eabi/lib/thumb/v7e-m+fp/hard\libc_nano.a(lib_a-memset.o)
                0x000000000800ee7e                memset
 *fill*         0x000000000800ee8e        0x2 
 .text.sbrk_aligned
                0x000000000800ee90       0x40 c:/st/stm32cubeide_1.9.0/stm32cubeide/plugins/com.st.stm32cube.ide.mcu.externaltools.gnu-tools-for-stm32.10.3-2021.10.win32_1.0.0.202111181127/tools/bin/../lib/gcc/arm-none-eabi/10.3.1/../../../../arm-none-eabi/lib/thumb/v7e-m+fp/hard\libc_nano.a(lib_a-nano-mallocr.o)
 .text._malloc_r
                0x000000000800eed0       0xe8 c:/st/stm32cubeide_1.9.0/stm32cubeide/plugins/com.st.stm32cube.ide.mcu.externaltools.gnu-tools-for-stm32.10.3-2021.10.win32_1.0.0.202111181127/tools/bin/../lib/gcc/arm-none-eabi/10.3.1/../../../../arm-none-eabi/lib/thumb/v7e-m+fp/hard\libc_nano.a(lib_a-nano-mallocr.o)
                0x000000000800eed0                _malloc_r
 .text.__cvt    0x000000000800efb8       0xc4 c:/st/stm32cubeide_1.9.0/stm32cubeide/plugins/com.st.stm32cube.ide.mcu.externaltools.gnu-tools-for-stm32.10.3-2021.10.win32_1.0.0.202111181127/tools/bin/../lib/gcc/arm-none-eabi/10.3.1/../../../../arm-none-eabi/lib/thumb/v7e-m+fp/hard\libc_nano.a(lib_a-nano-vfprintf_float.o)
                0x000000000800efb8                __cvt
 .text.__exponent
                0x000000000800f07c       0x7c c:/st/stm32cubeide_1.9.0/stm32cubeide/plugins/com.st.stm32cube.ide.mcu.externaltools.gnu-tools-for-stm32.10.3-2021.10.win32_1.0.0.202111181127/tools/bin/../lib/gcc/arm-none-eabi/10.3.1/../../../../arm-none-eabi/lib/thumb/v7e-m+fp/hard\libc_nano.a(lib_a-nano-vfprintf_float.o)
                0x000000000800f07c                __exponent
 .text._printf_float
                0x000000000800f0f8      0x46c c:/st/stm32cubeide_1.9.0/stm32cubeide/plugins/com.st.stm32cube.ide.mcu.externaltools.gnu-tools-for-stm32.10.3-2021.10.win32_1.0.0.202111181127/tools/bin/../lib/gcc/arm-none-eabi/10.3.1/../../../../arm-none-eabi/lib/thumb/v7e-m+fp/hard\libc_nano.a(lib_a-nano-vfprintf_float.o)
                0x000000000800f0f8                _printf_float
 .text._printf_common
                0x000000000800f564       0xda c:/st/stm32cubeide_1.9.0/stm32cubeide/plugins/com.st.stm32cube.ide.mcu.externaltools.gnu-tools-for-stm32.10.3-2021.10.win32_1.0.0.202111181127/tools/bin/../lib/gcc/arm-none-eabi/10.3.1/../../../../arm-none-eabi/lib/thumb/v7e-m+fp/hard\libc_nano.a(lib_a-nano-vfprintf_i.o)
                0x000000000800f564                _printf_common
 *fill*         0x000000000800f63e        0x2 
 .text._printf_i
                0x000000000800f640      0x24c c:/st/stm32cubeide_1.9.0/stm32cubeide/plugins/com.st.stm32cube.ide.mcu.externaltools.gnu-tools-for-stm32.10.3-2021.10.win32_1.0.0.202111181127/tools/bin/../lib/gcc/arm-none-eabi/10.3.1/../../../../arm-none-eabi/lib/thumb/v7e-m+fp/hard\libc_nano.a(lib_a-nano-vfprintf_i.o)
                0x000000000800f640                _printf_i
 .text.cleanup_glue
                0x000000000800f88c       0x1a c:/st/stm32cubeide_1.9.0/stm32cubeide/plugins/com.st.stm32cube.ide.mcu.externaltools.gnu-tools-for-stm32.10.3-2021.10.win32_1.0.0.202111181127/tools/bin/../lib/gcc/arm-none-eabi/10.3.1/../../../../arm-none-eabi/lib/thumb/v7e-m+fp/hard\libc_nano.a(lib_a-reent.o)
                0x000000000800f88c                cleanup_glue
 *fill*         0x000000000800f8a6        0x2 
 .text._reclaim_reent
                0x000000000800f8a8       0xb8 c:/st/stm32cubeide_1.9.0/stm32cubeide/plugins/com.st.stm32cube.ide.mcu.externaltools.gnu-tools-for-stm32.10.3-2021.10.win32_1.0.0.202111181127/tools/bin/../lib/gcc/arm-none-eabi/10.3.1/../../../../arm-none-eabi/lib/thumb/v7e-m+fp/hard\libc_nano.a(lib_a-reent.o)
                0x000000000800f8a8                _reclaim_reent
 .text._sbrk_r  0x000000000800f960       0x20 c:/st/stm32cubeide_1.9.0/stm32cubeide/plugins/com.st.stm32cube.ide.mcu.externaltools.gnu-tools-for-stm32.10.3-2021.10.win32_1.0.0.202111181127/tools/bin/../lib/gcc/arm-none-eabi/10.3.1/../../../../arm-none-eabi/lib/thumb/v7e-m+fp/hard\libc_nano.a(lib_a-sbrkr.o)
                0x000000000800f960                _sbrk_r
 .text.sprintf  0x000000000800f980       0x40 c:/st/stm32cubeide_1.9.0/stm32cubeide/plugins/com.st.stm32cube.ide.mcu.externaltools.gnu-tools-for-stm32.10.3-2021.10.win32_1.0.0.202111181127/tools/bin/../lib/gcc/arm-none-eabi/10.3.1/../../../../arm-none-eabi/lib/thumb/v7e-m+fp/hard\libc_nano.a(lib_a-sprintf.o)
                0x000000000800f980                siprintf
                0x000000000800f980                sprintf
 .text.__sread  0x000000000800f9c0       0x22 c:/st/stm32cubeide_1.9.0/stm32cubeide/plugins/com.st.stm32cube.ide.mcu.externaltools.gnu-tools-for-stm32.10.3-2021.10.win32_1.0.0.202111181127/tools/bin/../lib/gcc/arm-none-eabi/10.3.1/../../../../arm-none-eabi/lib/thumb/v7e-m+fp/hard\libc_nano.a(lib_a-stdio.o)
                0x000000000800f9c0                __sread
 .text.__swrite
                0x000000000800f9e2       0x38 c:/st/stm32cubeide_1.9.0/stm32cubeide/plugins/com.st.stm32cube.ide.mcu.externaltools.gnu-tools-for-stm32.10.3-2021.10.win32_1.0.0.202111181127/tools/bin/../lib/gcc/arm-none-eabi/10.3.1/../../../../arm-none-eabi/lib/thumb/v7e-m+fp/hard\libc_nano.a(lib_a-stdio.o)
                0x000000000800f9e2                __swrite
 .text.__sseek  0x000000000800fa1a       0x24 c:/st/stm32cubeide_1.9.0/stm32cubeide/plugins/com.st.stm32cube.ide.mcu.externaltools.gnu-tools-for-stm32.10.3-2021.10.win32_1.0.0.202111181127/tools/bin/../lib/gcc/arm-none-eabi/10.3.1/../../../../arm-none-eabi/lib/thumb/v7e-m+fp/hard\libc_nano.a(lib_a-stdio.o)
                0x000000000800fa1a                __sseek
 .text.__sclose
                0x000000000800fa3e        0x8 c:/st/stm32cubeide_1.9.0/stm32cubeide/plugins/com.st.stm32cube.ide.mcu.externaltools.gnu-tools-for-stm32.10.3-2021.10.win32_1.0.0.202111181127/tools/bin/../lib/gcc/arm-none-eabi/10.3.1/../../../../arm-none-eabi/lib/thumb/v7e-m+fp/hard\libc_nano.a(lib_a-stdio.o)
                0x000000000800fa3e                __sclose
 *fill*         0x000000000800fa46        0x2 
 .text._write_r
                0x000000000800fa48       0x24 c:/st/stm32cubeide_1.9.0/stm32cubeide/plugins/com.st.stm32cube.ide.mcu.externaltools.gnu-tools-for-stm32.10.3-2021.10.win32_1.0.0.202111181127/tools/bin/../lib/gcc/arm-none-eabi/10.3.1/../../../../arm-none-eabi/lib/thumb/v7e-m+fp/hard\libc_nano.a(lib_a-writer.o)
                0x000000000800fa48                _write_r
 .text._close_r
                0x000000000800fa6c       0x20 c:/st/stm32cubeide_1.9.0/stm32cubeide/plugins/com.st.stm32cube.ide.mcu.externaltools.gnu-tools-for-stm32.10.3-2021.10.win32_1.0.0.202111181127/tools/bin/../lib/gcc/arm-none-eabi/10.3.1/../../../../arm-none-eabi/lib/thumb/v7e-m+fp/hard\libc_nano.a(lib_a-closer.o)
                0x000000000800fa6c                _close_r
 .text.quorem   0x000000000800fa8c      0x116 c:/st/stm32cubeide_1.9.0/stm32cubeide/plugins/com.st.stm32cube.ide.mcu.externaltools.gnu-tools-for-stm32.10.3-2021.10.win32_1.0.0.202111181127/tools/bin/../lib/gcc/arm-none-eabi/10.3.1/../../../../arm-none-eabi/lib/thumb/v7e-m+fp/hard\libc_nano.a(lib_a-dtoa.o)
 *fill*         0x000000000800fba2        0x6 
 .text._dtoa_r  0x000000000800fba8      0xbdc c:/st/stm32cubeide_1.9.0/stm32cubeide/plugins/com.st.stm32cube.ide.mcu.externaltools.gnu-tools-for-stm32.10.3-2021.10.win32_1.0.0.202111181127/tools/bin/../lib/gcc/arm-none-eabi/10.3.1/../../../../arm-none-eabi/lib/thumb/v7e-m+fp/hard\libc_nano.a(lib_a-dtoa.o)
                0x000000000800fba8                _dtoa_r
 .text.__sflush_r
                0x0000000008010784      0x10c c:/st/stm32cubeide_1.9.0/stm32cubeide/plugins/com.st.stm32cube.ide.mcu.externaltools.gnu-tools-for-stm32.10.3-2021.10.win32_1.0.0.202111181127/tools/bin/../lib/gcc/arm-none-eabi/10.3.1/../../../../arm-none-eabi/lib/thumb/v7e-m+fp/hard\libc_nano.a(lib_a-fflush.o)
                0x0000000008010784                __sflush_r
 .text._fflush_r
                0x0000000008010890       0x78 c:/st/stm32cubeide_1.9.0/stm32cubeide/plugins/com.st.stm32cube.ide.mcu.externaltools.gnu-tools-for-stm32.10.3-2021.10.win32_1.0.0.202111181127/tools/bin/../lib/gcc/arm-none-eabi/10.3.1/../../../../arm-none-eabi/lib/thumb/v7e-m+fp/hard\libc_nano.a(lib_a-fflush.o)
                0x0000000008010890                _fflush_r
 .text._localeconv_r
                0x0000000008010908        0x8 c:/st/stm32cubeide_1.9.0/stm32cubeide/plugins/com.st.stm32cube.ide.mcu.externaltools.gnu-tools-for-stm32.10.3-2021.10.win32_1.0.0.202111181127/tools/bin/../lib/gcc/arm-none-eabi/10.3.1/../../../../arm-none-eabi/lib/thumb/v7e-m+fp/hard\libc_nano.a(lib_a-localeconv.o)
                0x0000000008010908                _localeconv_r
 .text._lseek_r
                0x0000000008010910       0x24 c:/st/stm32cubeide_1.9.0/stm32cubeide/plugins/com.st.stm32cube.ide.mcu.externaltools.gnu-tools-for-stm32.10.3-2021.10.win32_1.0.0.202111181127/tools/bin/../lib/gcc/arm-none-eabi/10.3.1/../../../../arm-none-eabi/lib/thumb/v7e-m+fp/hard\libc_nano.a(lib_a-lseekr.o)
                0x0000000008010910                _lseek_r
 .text.malloc   0x0000000008010934       0x10 c:/st/stm32cubeide_1.9.0/stm32cubeide/plugins/com.st.stm32cube.ide.mcu.externaltools.gnu-tools-for-stm32.10.3-2021.10.win32_1.0.0.202111181127/tools/bin/../lib/gcc/arm-none-eabi/10.3.1/../../../../arm-none-eabi/lib/thumb/v7e-m+fp/hard\libc_nano.a(lib_a-malloc.o)
                0x0000000008010934                malloc
 .text.__malloc_lock
                0x0000000008010944        0xc c:/st/stm32cubeide_1.9.0/stm32cubeide/plugins/com.st.stm32cube.ide.mcu.externaltools.gnu-tools-for-stm32.10.3-2021.10.win32_1.0.0.202111181127/tools/bin/../lib/gcc/arm-none-eabi/10.3.1/../../../../arm-none-eabi/lib/thumb/v7e-m+fp/hard\libc_nano.a(lib_a-mlock.o)
                0x0000000008010944                __malloc_lock
 .text.__malloc_unlock
                0x0000000008010950        0xc c:/st/stm32cubeide_1.9.0/stm32cubeide/plugins/com.st.stm32cube.ide.mcu.externaltools.gnu-tools-for-stm32.10.3-2021.10.win32_1.0.0.202111181127/tools/bin/../lib/gcc/arm-none-eabi/10.3.1/../../../../arm-none-eabi/lib/thumb/v7e-m+fp/hard\libc_nano.a(lib_a-mlock.o)
                0x0000000008010950                __malloc_unlock
 .text._Balloc  0x000000000801095c       0x80 c:/st/stm32cubeide_1.9.0/stm32cubeide/plugins/com.st.stm32cube.ide.mcu.externaltools.gnu-tools-for-stm32.10.3-2021.10.win32_1.0.0.202111181127/tools/bin/../lib/gcc/arm-none-eabi/10.3.1/../../../../arm-none-eabi/lib/thumb/v7e-m+fp/hard\libc_nano.a(lib_a-mprec.o)
                0x000000000801095c                _Balloc
 .text._Bfree   0x00000000080109dc       0x44 c:/st/stm32cubeide_1.9.0/stm32cubeide/plugins/com.st.stm32cube.ide.mcu.externaltools.gnu-tools-for-stm32.10.3-2021.10.win32_1.0.0.202111181127/tools/bin/../lib/gcc/arm-none-eabi/10.3.1/../../../../arm-none-eabi/lib/thumb/v7e-m+fp/hard\libc_nano.a(lib_a-mprec.o)
                0x00000000080109dc                _Bfree
 .text.__multadd
                0x0000000008010a20       0x8c c:/st/stm32cubeide_1.9.0/stm32cubeide/plugins/com.st.stm32cube.ide.mcu.externaltools.gnu-tools-for-stm32.10.3-2021.10.win32_1.0.0.202111181127/tools/bin/../lib/gcc/arm-none-eabi/10.3.1/../../../../arm-none-eabi/lib/thumb/v7e-m+fp/hard\libc_nano.a(lib_a-mprec.o)
                0x0000000008010a20                __multadd
 .text.__hi0bits
                0x0000000008010aac       0x40 c:/st/stm32cubeide_1.9.0/stm32cubeide/plugins/com.st.stm32cube.ide.mcu.externaltools.gnu-tools-for-stm32.10.3-2021.10.win32_1.0.0.202111181127/tools/bin/../lib/gcc/arm-none-eabi/10.3.1/../../../../arm-none-eabi/lib/thumb/v7e-m+fp/hard\libc_nano.a(lib_a-mprec.o)
                0x0000000008010aac                __hi0bits
 .text.__lo0bits
                0x0000000008010aec       0x5e c:/st/stm32cubeide_1.9.0/stm32cubeide/plugins/com.st.stm32cube.ide.mcu.externaltools.gnu-tools-for-stm32.10.3-2021.10.win32_1.0.0.202111181127/tools/bin/../lib/gcc/arm-none-eabi/10.3.1/../../../../arm-none-eabi/lib/thumb/v7e-m+fp/hard\libc_nano.a(lib_a-mprec.o)
                0x0000000008010aec                __lo0bits
 *fill*         0x0000000008010b4a        0x2 
 .text.__i2b    0x0000000008010b4c       0x2c c:/st/stm32cubeide_1.9.0/stm32cubeide/plugins/com.st.stm32cube.ide.mcu.externaltools.gnu-tools-for-stm32.10.3-2021.10.win32_1.0.0.202111181127/tools/bin/../lib/gcc/arm-none-eabi/10.3.1/../../../../arm-none-eabi/lib/thumb/v7e-m+fp/hard\libc_nano.a(lib_a-mprec.o)
                0x0000000008010b4c                __i2b
 .text.__multiply
                0x0000000008010b78      0x154 c:/st/stm32cubeide_1.9.0/stm32cubeide/plugins/com.st.stm32cube.ide.mcu.externaltools.gnu-tools-for-stm32.10.3-2021.10.win32_1.0.0.202111181127/tools/bin/../lib/gcc/arm-none-eabi/10.3.1/../../../../arm-none-eabi/lib/thumb/v7e-m+fp/hard\libc_nano.a(lib_a-mprec.o)
                0x0000000008010b78                __multiply
 .text.__pow5mult
                0x0000000008010ccc       0xb4 c:/st/stm32cubeide_1.9.0/stm32cubeide/plugins/com.st.stm32cube.ide.mcu.externaltools.gnu-tools-for-stm32.10.3-2021.10.win32_1.0.0.202111181127/tools/bin/../lib/gcc/arm-none-eabi/10.3.1/../../../../arm-none-eabi/lib/thumb/v7e-m+fp/hard\libc_nano.a(lib_a-mprec.o)
                0x0000000008010ccc                __pow5mult
 .text.__lshift
                0x0000000008010d80       0xe0 c:/st/stm32cubeide_1.9.0/stm32cubeide/plugins/com.st.stm32cube.ide.mcu.externaltools.gnu-tools-for-stm32.10.3-2021.10.win32_1.0.0.202111181127/tools/bin/../lib/gcc/arm-none-eabi/10.3.1/../../../../arm-none-eabi/lib/thumb/v7e-m+fp/hard\libc_nano.a(lib_a-mprec.o)
                0x0000000008010d80                __lshift
 .text.__mcmp   0x0000000008010e60       0x38 c:/st/stm32cubeide_1.9.0/stm32cubeide/plugins/com.st.stm32cube.ide.mcu.externaltools.gnu-tools-for-stm32.10.3-2021.10.win32_1.0.0.202111181127/tools/bin/../lib/gcc/arm-none-eabi/10.3.1/../../../../arm-none-eabi/lib/thumb/v7e-m+fp/hard\libc_nano.a(lib_a-mprec.o)
                0x0000000008010e60                __mcmp
 .text.__mdiff  0x0000000008010e98      0x114 c:/st/stm32cubeide_1.9.0/stm32cubeide/plugins/com.st.stm32cube.ide.mcu.externaltools.gnu-tools-for-stm32.10.3-2021.10.win32_1.0.0.202111181127/tools/bin/../lib/gcc/arm-none-eabi/10.3.1/../../../../arm-none-eabi/lib/thumb/v7e-m+fp/hard\libc_nano.a(lib_a-mprec.o)
                0x0000000008010e98                __mdiff
 .text.__d2b    0x0000000008010fac       0xb8 c:/st/stm32cubeide_1.9.0/stm32cubeide/plugins/com.st.stm32cube.ide.mcu.externaltools.gnu-tools-for-stm32.10.3-2021.10.win32_1.0.0.202111181127/tools/bin/../lib/gcc/arm-none-eabi/10.3.1/../../../../arm-none-eabi/lib/thumb/v7e-m+fp/hard\libc_nano.a(lib_a-mprec.o)
                0x0000000008010fac                __d2b
 .text._calloc_r
                0x0000000008011064       0x2c c:/st/stm32cubeide_1.9.0/stm32cubeide/plugins/com.st.stm32cube.ide.mcu.externaltools.gnu-tools-for-stm32.10.3-2021.10.win32_1.0.0.202111181127/tools/bin/../lib/gcc/arm-none-eabi/10.3.1/../../../../arm-none-eabi/lib/thumb/v7e-m+fp/hard\libc_nano.a(lib_a-nano-callocr.o)
                0x0000000008011064                _calloc_r
 .text._free_r  0x0000000008011090       0x98 c:/st/stm32cubeide_1.9.0/stm32cubeide/plugins/com.st.stm32cube.ide.mcu.externaltools.gnu-tools-for-stm32.10.3-2021.10.win32_1.0.0.202111181127/tools/bin/../lib/gcc/arm-none-eabi/10.3.1/../../../../arm-none-eabi/lib/thumb/v7e-m+fp/hard\libc_nano.a(lib_a-nano-freer.o)
                0x0000000008011090                _free_r
 .text.__ssputs_r
                0x0000000008011128       0xb6 c:/st/stm32cubeide_1.9.0/stm32cubeide/plugins/com.st.stm32cube.ide.mcu.externaltools.gnu-tools-for-stm32.10.3-2021.10.win32_1.0.0.202111181127/tools/bin/../lib/gcc/arm-none-eabi/10.3.1/../../../../arm-none-eabi/lib/thumb/v7e-m+fp/hard\libc_nano.a(lib_a-nano-svfprintf.o)
                0x0000000008011128                __ssputs_r
 *fill*         0x00000000080111de        0x2 
 .text._svfprintf_r
                0x00000000080111e0      0x200 c:/st/stm32cubeide_1.9.0/stm32cubeide/plugins/com.st.stm32cube.ide.mcu.externaltools.gnu-tools-for-stm32.10.3-2021.10.win32_1.0.0.202111181127/tools/bin/../lib/gcc/arm-none-eabi/10.3.1/../../../../arm-none-eabi/lib/thumb/v7e-m+fp/hard\libc_nano.a(lib_a-nano-svfprintf.o)
                0x00000000080111e0                _svfiprintf_r
                0x00000000080111e0                _svfprintf_r
 .text._read_r  0x00000000080113e0       0x24 c:/st/stm32cubeide_1.9.0/stm32cubeide/plugins/com.st.stm32cube.ide.mcu.externaltools.gnu-tools-for-stm32.10.3-2021.10.win32_1.0.0.202111181127/tools/bin/../lib/gcc/arm-none-eabi/10.3.1/../../../../arm-none-eabi/lib/thumb/v7e-m+fp/hard\libc_nano.a(lib_a-readr.o)
                0x00000000080113e0                _read_r
 .text.__assert_func
                0x0000000008011404       0x3c c:/st/stm32cubeide_1.9.0/stm32cubeide/plugins/com.st.stm32cube.ide.mcu.externaltools.gnu-tools-for-stm32.10.3-2021.10.win32_1.0.0.202111181127/tools/bin/../lib/gcc/arm-none-eabi/10.3.1/../../../../arm-none-eabi/lib/thumb/v7e-m+fp/hard\libc_nano.a(lib_a-assert.o)
                0x0000000008011404                __assert_func
 .text.fprintf  0x0000000008011440       0x24 c:/st/stm32cubeide_1.9.0/stm32cubeide/plugins/com.st.stm32cube.ide.mcu.externaltools.gnu-tools-for-stm32.10.3-2021.10.win32_1.0.0.202111181127/tools/bin/../lib/gcc/arm-none-eabi/10.3.1/../../../../arm-none-eabi/lib/thumb/v7e-m+fp/hard\libc_nano.a(lib_a-fprintf.o)
                0x0000000008011440                fiprintf
                0x0000000008011440                fprintf
 .text.__ascii_mbtowc
                0x0000000008011464       0x24 c:/st/stm32cubeide_1.9.0/stm32cubeide/plugins/com.st.stm32cube.ide.mcu.externaltools.gnu-tools-for-stm32.10.3-2021.10.win32_1.0.0.202111181127/tools/bin/../lib/gcc/arm-none-eabi/10.3.1/../../../../arm-none-eabi/lib/thumb/v7e-m+fp/hard\libc_nano.a(lib_a-mbtowc_r.o)
                0x0000000008011464                __ascii_mbtowc
 .text.memmove  0x0000000008011488       0x34 c:/st/stm32cubeide_1.9.0/stm32cubeide/plugins/com.st.stm32cube.ide.mcu.externaltools.gnu-tools-for-stm32.10.3-2021.10.win32_1.0.0.202111181127/tools/bin/../lib/gcc/arm-none-eabi/10.3.1/../../../../arm-none-eabi/lib/thumb/v7e-m+fp/hard\libc_nano.a(lib_a-memmove.o)
                0x0000000008011488                memmove
 .text._realloc_r
                0x00000000080114bc       0x5e c:/st/stm32cubeide_1.9.0/stm32cubeide/plugins/com.st.stm32cube.ide.mcu.externaltools.gnu-tools-for-stm32.10.3-2021.10.win32_1.0.0.202111181127/tools/bin/../lib/gcc/arm-none-eabi/10.3.1/../../../../arm-none-eabi/lib/thumb/v7e-m+fp/hard\libc_nano.a(lib_a-nano-reallocr.o)
                0x00000000080114bc                _realloc_r
 .text.__sfputc_r
                0x000000000801151a       0x2e c:/st/stm32cubeide_1.9.0/stm32cubeide/plugins/com.st.stm32cube.ide.mcu.externaltools.gnu-tools-for-stm32.10.3-2021.10.win32_1.0.0.202111181127/tools/bin/../lib/gcc/arm-none-eabi/10.3.1/../../../../arm-none-eabi/lib/thumb/v7e-m+fp/hard\libc_nano.a(lib_a-nano-vfprintf.o)
 .text.__sfputs_r
                0x0000000008011548       0x24 c:/st/stm32cubeide_1.9.0/stm32cubeide/plugins/com.st.stm32cube.ide.mcu.externaltools.gnu-tools-for-stm32.10.3-2021.10.win32_1.0.0.202111181127/tools/bin/../lib/gcc/arm-none-eabi/10.3.1/../../../../arm-none-eabi/lib/thumb/v7e-m+fp/hard\libc_nano.a(lib_a-nano-vfprintf.o)
                0x0000000008011548                __sfputs_r
 .text._vfprintf_r
                0x000000000801156c      0x260 c:/st/stm32cubeide_1.9.0/stm32cubeide/plugins/com.st.stm32cube.ide.mcu.externaltools.gnu-tools-for-stm32.10.3-2021.10.win32_1.0.0.202111181127/tools/bin/../lib/gcc/arm-none-eabi/10.3.1/../../../../arm-none-eabi/lib/thumb/v7e-m+fp/hard\libc_nano.a(lib_a-nano-vfprintf.o)
                0x000000000801156c                _vfprintf_r
                0x000000000801156c                _vfiprintf_r
 .text.__swbuf_r
                0x00000000080117cc       0xa4 c:/st/stm32cubeide_1.9.0/stm32cubeide/plugins/com.st.stm32cube.ide.mcu.externaltools.gnu-tools-for-stm32.10.3-2021.10.win32_1.0.0.202111181127/tools/bin/../lib/gcc/arm-none-eabi/10.3.1/../../../../arm-none-eabi/lib/thumb/v7e-m+fp/hard\libc_nano.a(lib_a-wbuf.o)
                0x00000000080117cc                __swbuf_r
 .text.__ascii_wctomb
                0x0000000008011870       0x1a c:/st/stm32cubeide_1.9.0/stm32cubeide/plugins/com.st.stm32cube.ide.mcu.externaltools.gnu-tools-for-stm32.10.3-2021.10.win32_1.0.0.202111181127/tools/bin/../lib/gcc/arm-none-eabi/10.3.1/../../../../arm-none-eabi/lib/thumb/v7e-m+fp/hard\libc_nano.a(lib_a-wctomb_r.o)
                0x0000000008011870                __ascii_wctomb
 *fill*         0x000000000801188a        0x2 
 .text.__swsetup_r
                0x000000000801188c       0xdc c:/st/stm32cubeide_1.9.0/stm32cubeide/plugins/com.st.stm32cube.ide.mcu.externaltools.gnu-tools-for-stm32.10.3-2021.10.win32_1.0.0.202111181127/tools/bin/../lib/gcc/arm-none-eabi/10.3.1/../../../../arm-none-eabi/lib/thumb/v7e-m+fp/hard\libc_nano.a(lib_a-wsetup.o)
                0x000000000801188c                __swsetup_r
 .text.abort    0x0000000008011968        0xe c:/st/stm32cubeide_1.9.0/stm32cubeide/plugins/com.st.stm32cube.ide.mcu.externaltools.gnu-tools-for-stm32.10.3-2021.10.win32_1.0.0.202111181127/tools/bin/../lib/gcc/arm-none-eabi/10.3.1/../../../../arm-none-eabi/lib/thumb/v7e-m+fp/hard\libc_nano.a(lib_a-abort.o)
                0x0000000008011968                abort
 .text.__swhatbuf_r
                0x0000000008011976       0x4a c:/st/stm32cubeide_1.9.0/stm32cubeide/plugins/com.st.stm32cube.ide.mcu.externaltools.gnu-tools-for-stm32.10.3-2021.10.win32_1.0.0.202111181127/tools/bin/../lib/gcc/arm-none-eabi/10.3.1/../../../../arm-none-eabi/lib/thumb/v7e-m+fp/hard\libc_nano.a(lib_a-makebuf.o)
                0x0000000008011976                __swhatbuf_r
 .text.__smakebuf_r
                0x00000000080119c0       0x80 c:/st/stm32cubeide_1.9.0/stm32cubeide/plugins/com.st.stm32cube.ide.mcu.externaltools.gnu-tools-for-stm32.10.3-2021.10.win32_1.0.0.202111181127/tools/bin/../lib/gcc/arm-none-eabi/10.3.1/../../../../arm-none-eabi/lib/thumb/v7e-m+fp/hard\libc_nano.a(lib_a-makebuf.o)
                0x00000000080119c0                __smakebuf_r