../Core/Src/stm32f4xx_it.c:61:6:SDTimer_Handler	4	static
../Core/Src/stm32f4xx_it.c:84:6:NMI_Handler	4	static
../Core/Src/stm32f4xx_it.c:99:6:HardFault_Handler	4	static
../Core/Src/stm32f4xx_it.c:114:6:MemManage_Handler	4	static
../Core/Src/stm32f4xx_it.c:129:6:BusFault_Handler	4	static
../Core/Src/stm32f4xx_it.c:144:6:UsageFault_Handler	4	static
../Core/Src/stm32f4xx_it.c:159:6:DebugMon_Handler	4	static
../Core/Src/stm32f4xx_it.c:179:6:TIM1_BRK_TIM9_IRQHandler	8	static
../Core/Src/stm32f4xx_it.c:196:6:HAL_GPIO_EXTI_Callback	72	static
